-- Logs begin at Sat 2020-09-05 21:57:48 MSK, end at Tue 2020-09-08 23:10:08 MSK. --
Sep 08 20:33:09 archlinux kernel: Linux version 5.8.7-arch1-1 (linux@archlinux) (gcc (GCC) 10.2.0, GNU ld (GNU Binutils) 2.35) #1 SMP PREEMPT Sat, 05 Sep 2020 12:31:32 +0000
Sep 08 20:33:09 archlinux kernel: Command line: BOOT_IMAGE=/boot/vmlinuz-linux root=UUID=051c6d20-89c0-43c7-8174-18a02617a567 rw loglevel=3
Sep 08 20:33:09 archlinux kernel: KERNEL supported cpus:
Sep 08 20:33:09 archlinux kernel:   Intel GenuineIntel
Sep 08 20:33:09 archlinux kernel:   AMD AuthenticAMD
Sep 08 20:33:09 archlinux kernel:   Hygon HygonGenuine
Sep 08 20:33:09 archlinux kernel:   Centaur CentaurHauls
Sep 08 20:33:09 archlinux kernel:   zhaoxin   Shanghai  
Sep 08 20:33:09 archlinux kernel: x86/fpu: Supporting XSAVE feature 0x001: 'x87 floating point registers'
Sep 08 20:33:09 archlinux kernel: x86/fpu: Supporting XSAVE feature 0x002: 'SSE registers'
Sep 08 20:33:09 archlinux kernel: x86/fpu: Supporting XSAVE feature 0x004: 'AVX registers'
Sep 08 20:33:09 archlinux kernel: x86/fpu: Supporting XSAVE feature 0x008: 'MPX bounds registers'
Sep 08 20:33:09 archlinux kernel: x86/fpu: Supporting XSAVE feature 0x010: 'MPX CSR'
Sep 08 20:33:09 archlinux kernel: x86/fpu: xstate_offset[2]:  576, xstate_sizes[2]:  256
Sep 08 20:33:09 archlinux kernel: x86/fpu: xstate_offset[3]:  832, xstate_sizes[3]:   64
Sep 08 20:33:09 archlinux kernel: x86/fpu: xstate_offset[4]:  896, xstate_sizes[4]:   64
Sep 08 20:33:09 archlinux kernel: x86/fpu: Enabled xstate features 0x1f, context size is 960 bytes, using 'compacted' format.
Sep 08 20:33:09 archlinux kernel: BIOS-provided physical RAM map:
Sep 08 20:33:09 archlinux kernel: BIOS-e820: [mem 0x0000000000000000-0x0000000000057fff] usable
Sep 08 20:33:09 archlinux kernel: BIOS-e820: [mem 0x0000000000058000-0x0000000000058fff] reserved
Sep 08 20:33:09 archlinux kernel: BIOS-e820: [mem 0x0000000000059000-0x000000000009dfff] usable
Sep 08 20:33:09 archlinux kernel: BIOS-e820: [mem 0x000000000009e000-0x00000000000fffff] reserved
Sep 08 20:33:09 archlinux kernel: BIOS-e820: [mem 0x0000000000100000-0x000000007a5cbfff] usable
Sep 08 20:33:09 archlinux kernel: BIOS-e820: [mem 0x000000007a5cc000-0x000000007a5ccfff] ACPI NVS
Sep 08 20:33:09 archlinux kernel: BIOS-e820: [mem 0x000000007a5cd000-0x000000007a5cdfff] reserved
Sep 08 20:33:09 archlinux kernel: BIOS-e820: [mem 0x000000007a5ce000-0x000000008a558fff] usable
Sep 08 20:33:09 archlinux kernel: BIOS-e820: [mem 0x000000008a559000-0x000000008a8d4fff] reserved
Sep 08 20:33:09 archlinux kernel: BIOS-e820: [mem 0x000000008a8d5000-0x000000008a91bfff] ACPI data
Sep 08 20:33:09 archlinux kernel: BIOS-e820: [mem 0x000000008a91c000-0x000000008aea8fff] ACPI NVS
Sep 08 20:33:09 archlinux kernel: BIOS-e820: [mem 0x000000008aea9000-0x000000008b52ffff] reserved
Sep 08 20:33:09 archlinux kernel: BIOS-e820: [mem 0x000000008b530000-0x000000008b5fdfff] type 20
Sep 08 20:33:09 archlinux kernel: BIOS-e820: [mem 0x000000008b5fe000-0x000000008b5fefff] usable
Sep 08 20:33:09 archlinux kernel: BIOS-e820: [mem 0x000000008b5ff000-0x000000008f7fffff] reserved
Sep 08 20:33:09 archlinux kernel: BIOS-e820: [mem 0x00000000e0000000-0x00000000efffffff] reserved
Sep 08 20:33:09 archlinux kernel: BIOS-e820: [mem 0x00000000fe000000-0x00000000fe010fff] reserved
Sep 08 20:33:09 archlinux kernel: BIOS-e820: [mem 0x00000000fec00000-0x00000000fec00fff] reserved
Sep 08 20:33:09 archlinux kernel: BIOS-e820: [mem 0x00000000fee00000-0x00000000fee00fff] reserved
Sep 08 20:33:09 archlinux kernel: BIOS-e820: [mem 0x00000000ff000000-0x00000000ffffffff] reserved
Sep 08 20:33:09 archlinux kernel: BIOS-e820: [mem 0x0000000100000000-0x000000016f7fffff] usable
Sep 08 20:33:09 archlinux kernel: NX (Execute Disable) protection: active
Sep 08 20:33:09 archlinux kernel: efi: EFI v2.40 by American Megatrends
Sep 08 20:33:09 archlinux kernel: efi: ACPI=0x8a8e3000 ACPI 2.0=0x8a8e3000 SMBIOS=0xf0000 SMBIOS 3.0=0xf0020 ESRT=0x8b252118 MEMATTR=0x87dc5418 
Sep 08 20:33:09 archlinux kernel: SMBIOS 3.1.1 present.
Sep 08 20:33:09 archlinux kernel: DMI: Dell Inc. Inspiron 3581/0Y6VWD, BIOS 1.7.0 02/14/2020
Sep 08 20:33:09 archlinux kernel: tsc: Detected 2300.000 MHz processor
Sep 08 20:33:09 archlinux kernel: tsc: Detected 2299.968 MHz TSC
Sep 08 20:33:09 archlinux kernel: e820: update [mem 0x00000000-0x00000fff] usable ==> reserved
Sep 08 20:33:09 archlinux kernel: e820: remove [mem 0x000a0000-0x000fffff] usable
Sep 08 20:33:09 archlinux kernel: last_pfn = 0x16f800 max_arch_pfn = 0x400000000
Sep 08 20:33:09 archlinux kernel: MTRR default type: write-back
Sep 08 20:33:09 archlinux kernel: MTRR fixed ranges enabled:
Sep 08 20:33:09 archlinux kernel:   00000-9FFFF write-back
Sep 08 20:33:09 archlinux kernel:   A0000-BFFFF uncachable
Sep 08 20:33:09 archlinux kernel:   C0000-FFFFF write-protect
Sep 08 20:33:09 archlinux kernel: MTRR variable ranges enabled:
Sep 08 20:33:09 archlinux kernel:   0 base 00C0000000 mask 7FC0000000 uncachable
Sep 08 20:33:09 archlinux kernel:   1 base 00A0000000 mask 7FE0000000 uncachable
Sep 08 20:33:09 archlinux kernel:   2 base 0090000000 mask 7FF0000000 uncachable
Sep 08 20:33:09 archlinux kernel:   3 base 008E000000 mask 7FFE000000 uncachable
Sep 08 20:33:09 archlinux kernel:   4 base 008D000000 mask 7FFF000000 uncachable
Sep 08 20:33:09 archlinux kernel:   5 disabled
Sep 08 20:33:09 archlinux kernel:   6 disabled
Sep 08 20:33:09 archlinux kernel:   7 disabled
Sep 08 20:33:09 archlinux kernel:   8 disabled
Sep 08 20:33:09 archlinux kernel:   9 disabled
Sep 08 20:33:09 archlinux kernel: x86/PAT: Configuration [0-7]: WB  WC  UC- UC  WB  WP  UC- WT  
Sep 08 20:33:09 archlinux kernel: last_pfn = 0x8b5ff max_arch_pfn = 0x400000000
Sep 08 20:33:09 archlinux kernel: esrt: Reserving ESRT space from 0x000000008b252118 to 0x000000008b252150.
Sep 08 20:33:09 archlinux kernel: check: Scanning 1 areas for low memory corruption
Sep 08 20:33:09 archlinux kernel: Using GB pages for direct mapping
Sep 08 20:33:09 archlinux kernel: Secure boot could not be determined
Sep 08 20:33:09 archlinux kernel: RAMDISK: [mem 0x36cb5000-0x37651fff]
Sep 08 20:33:09 archlinux kernel: ACPI: Early table checksum verification disabled
Sep 08 20:33:09 archlinux kernel: ACPI: RSDP 0x000000008A8E3000 000024 (v02 DELL  )
Sep 08 20:33:09 archlinux kernel: ACPI: XSDT 0x000000008A8E30C8 00010C (v01 DELL   CBX3     01072009 AMI  00010013)
Sep 08 20:33:09 archlinux kernel: ACPI: FACP 0x000000008A9085F8 00010C (v05 DELL   CBX3     01072009 AMI  00010013)
Sep 08 20:33:09 archlinux kernel: ACPI: DSDT 0x000000008A8E3260 025391 (v02 DELL   CBX3     01072009 INTL 20160422)
Sep 08 20:33:09 archlinux kernel: ACPI: FACS 0x000000008AEA6180 000040
Sep 08 20:33:09 archlinux kernel: ACPI: APIC 0x000000008A908708 000084 (v03 DELL   CBX3     01072009 AMI  00010013)
Sep 08 20:33:09 archlinux kernel: ACPI: FPDT 0x000000008A908790 000044 (v01 DELL   CBX3     01072009 AMI  00010013)
Sep 08 20:33:09 archlinux kernel: ACPI: FIDT 0x000000008A9087D8 0000AC (v01 DELL   CBX3     01072009 AMI  00010013)
Sep 08 20:33:09 archlinux kernel: ACPI: MCFG 0x000000008A908888 00003C (v01 DELL   CBX3     01072009 MSFT 00000097)
Sep 08 20:33:09 archlinux kernel: ACPI: HPET 0x000000008A9088C8 000038 (v01 DELL   CBX3     01072009 AMI. 0005000B)
Sep 08 20:33:09 archlinux kernel: ACPI: SSDT 0x000000008A908900 000359 (v01 SataRe SataTabl 00001000 INTL 20160422)
Sep 08 20:33:09 archlinux kernel: ACPI: BOOT 0x000000008A908C60 000028 (v01 DELL   CBX3     01072009 AMI  00010013)
Sep 08 20:33:09 archlinux kernel: ACPI: SSDT 0x000000008A908C88 0012E0 (v02 SaSsdt SaSsdt   00003000 INTL 20160422)
Sep 08 20:33:09 archlinux kernel: ACPI: HPET 0x000000008A909F68 000038 (v01 INTEL  KBL-ULT  00000001 MSFT 0000005F)
Sep 08 20:33:09 archlinux kernel: ACPI: SSDT 0x000000008A909FA0 000760 (v02 INTEL  xh_OEMBD 00000000 INTL 20160422)
Sep 08 20:33:09 archlinux kernel: ACPI: UEFI 0x000000008A90A700 000042 (v01                 00000000      00000000)
Sep 08 20:33:09 archlinux kernel: ACPI: SSDT 0x000000008A90A748 0017AE (v02 CpuRef CpuSsdt  00003000 INTL 20160422)
Sep 08 20:33:09 archlinux kernel: ACPI: LPIT 0x000000008A90BEF8 000094 (v01 INTEL  KBL-ULT  00000000 MSFT 0000005F)
Sep 08 20:33:09 archlinux kernel: ACPI: SSDT 0x000000008A90BF90 000161 (v02 INTEL  HdaDsp   00000000 INTL 20160422)
Sep 08 20:33:09 archlinux kernel: ACPI: SSDT 0x000000008A90C0F8 00029F (v02 INTEL  sensrhub 00000000 INTL 20160422)
Sep 08 20:33:09 archlinux kernel: ACPI: SSDT 0x000000008A90C398 003002 (v02 INTEL  PtidDevc 00001000 INTL 20160422)
Sep 08 20:33:09 archlinux kernel: ACPI: SSDT 0x000000008A90F3A0 000517 (v02 INTEL  TbtTypeC 00000000 INTL 20160422)
Sep 08 20:33:09 archlinux kernel: ACPI: SSDT 0x000000008A90F8B8 0002E9 (v02 INTEL  Wwan     00000001 INTL 20160422)
Sep 08 20:33:09 archlinux kernel: ACPI: DBGP 0x000000008A90FBA8 000034 (v01 INTEL           00000002 MSFT 0000005F)
Sep 08 20:33:09 archlinux kernel: ACPI: DBG2 0x000000008A90FBE0 000054 (v00 INTEL           00000002 MSFT 0000005F)
Sep 08 20:33:09 archlinux kernel: ACPI: SSDT 0x000000008A90FC38 0007DD (v02 INTEL  UsbCTabl 00001000 INTL 20160422)
Sep 08 20:33:09 archlinux kernel: ACPI: SSDT 0x000000008A910418 007F51 (v02 DptfTa DptfTabl 00001000 INTL 20160422)
Sep 08 20:33:09 archlinux kernel: ACPI: SSDT 0x000000008A918370 00091D (v02 SgRef  SgPch    00001000 INTL 20160422)
Sep 08 20:33:09 archlinux kernel: ACPI: SSDT 0x000000008A918C90 000281 (v02 SgRef  SgUlx    00001000 INTL 20160422)
Sep 08 20:33:09 archlinux kernel: ACPI: NHLT 0x000000008A918F18 00002D (v00 INTEL  EDK2     00000002      01000013)
Sep 08 20:33:09 archlinux kernel: ACPI: BGRT 0x000000008A918F48 000038 (v00                 01072009 AMI  00010013)
Sep 08 20:33:09 archlinux kernel: ACPI: SSDT 0x000000008A918F80 000F88 (v01 AmdRef AmdTabl  00001000 INTL 20160422)
Sep 08 20:33:09 archlinux kernel: ACPI: DMAR 0x000000008A919F08 0000CC (v01 INTEL  EDK2     00000001 INTL 00000001)
Sep 08 20:33:09 archlinux kernel: ACPI: Local APIC address 0xfee00000
Sep 08 20:33:09 archlinux kernel: No NUMA configuration found
Sep 08 20:33:09 archlinux kernel: Faking a node at [mem 0x0000000000000000-0x000000016f7fffff]
Sep 08 20:33:09 archlinux kernel: NODE_DATA(0) allocated [mem 0x16f7fc000-0x16f7fffff]
Sep 08 20:33:09 archlinux kernel: Zone ranges:
Sep 08 20:33:09 archlinux kernel:   DMA      [mem 0x0000000000001000-0x0000000000ffffff]
Sep 08 20:33:09 archlinux kernel:   DMA32    [mem 0x0000000001000000-0x00000000ffffffff]
Sep 08 20:33:09 archlinux kernel:   Normal   [mem 0x0000000100000000-0x000000016f7fffff]
Sep 08 20:33:09 archlinux kernel:   Device   empty
Sep 08 20:33:09 archlinux kernel: Movable zone start for each node
Sep 08 20:33:09 archlinux kernel: Early memory node ranges
Sep 08 20:33:09 archlinux kernel:   node   0: [mem 0x0000000000001000-0x0000000000057fff]
Sep 08 20:33:09 archlinux kernel:   node   0: [mem 0x0000000000059000-0x000000000009dfff]
Sep 08 20:33:09 archlinux kernel:   node   0: [mem 0x0000000000100000-0x000000007a5cbfff]
Sep 08 20:33:09 archlinux kernel:   node   0: [mem 0x000000007a5ce000-0x000000008a558fff]
Sep 08 20:33:09 archlinux kernel:   node   0: [mem 0x000000008b5fe000-0x000000008b5fefff]
Sep 08 20:33:09 archlinux kernel:   node   0: [mem 0x0000000100000000-0x000000016f7fffff]
Sep 08 20:33:09 archlinux kernel: Zeroed struct page in unavailable ranges: 25356 pages
Sep 08 20:33:09 archlinux kernel: Initmem setup node 0 [mem 0x0000000000001000-0x000000016f7fffff]
Sep 08 20:33:09 archlinux kernel: On node 0 totalpages: 1023220
Sep 08 20:33:09 archlinux kernel:   DMA zone: 64 pages used for memmap
Sep 08 20:33:09 archlinux kernel:   DMA zone: 22 pages reserved
Sep 08 20:33:09 archlinux kernel:   DMA zone: 3996 pages, LIFO batch:0
Sep 08 20:33:09 archlinux kernel:   DMA32 zone: 8790 pages used for memmap
Sep 08 20:33:09 archlinux kernel:   DMA32 zone: 562520 pages, LIFO batch:63
Sep 08 20:33:09 archlinux kernel:   Normal zone: 7136 pages used for memmap
Sep 08 20:33:09 archlinux kernel:   Normal zone: 456704 pages, LIFO batch:63
Sep 08 20:33:09 archlinux kernel: Reserving Intel graphics memory at [mem 0x8d800000-0x8f7fffff]
Sep 08 20:33:09 archlinux kernel: ACPI: PM-Timer IO Port: 0x1808
Sep 08 20:33:09 archlinux kernel: ACPI: Local APIC address 0xfee00000
Sep 08 20:33:09 archlinux kernel: ACPI: LAPIC_NMI (acpi_id[0x01] high edge lint[0x1])
Sep 08 20:33:09 archlinux kernel: ACPI: LAPIC_NMI (acpi_id[0x02] high edge lint[0x1])
Sep 08 20:33:09 archlinux kernel: ACPI: LAPIC_NMI (acpi_id[0x03] high edge lint[0x1])
Sep 08 20:33:09 archlinux kernel: ACPI: LAPIC_NMI (acpi_id[0x04] high edge lint[0x1])
Sep 08 20:33:09 archlinux kernel: IOAPIC[0]: apic_id 2, version 32, address 0xfec00000, GSI 0-119
Sep 08 20:33:09 archlinux kernel: ACPI: INT_SRC_OVR (bus 0 bus_irq 0 global_irq 2 dfl dfl)
Sep 08 20:33:09 archlinux kernel: ACPI: INT_SRC_OVR (bus 0 bus_irq 9 global_irq 9 high level)
Sep 08 20:33:09 archlinux kernel: ACPI: IRQ0 used by override.
Sep 08 20:33:09 archlinux kernel: ACPI: IRQ9 used by override.
Sep 08 20:33:09 archlinux kernel: Using ACPI (MADT) for SMP configuration information
Sep 08 20:33:09 archlinux kernel: ACPI: HPET id: 0x8086a701 base: 0xfed00000
Sep 08 20:33:09 archlinux kernel: e820: update [mem 0x86daf000-0x86e37fff] usable ==> reserved
Sep 08 20:33:09 archlinux kernel: TSC deadline timer available
Sep 08 20:33:09 archlinux kernel: smpboot: Allowing 4 CPUs, 0 hotplug CPUs
Sep 08 20:33:09 archlinux kernel: PM: hibernation: Registered nosave memory: [mem 0x00000000-0x00000fff]
Sep 08 20:33:09 archlinux kernel: PM: hibernation: Registered nosave memory: [mem 0x00058000-0x00058fff]
Sep 08 20:33:09 archlinux kernel: PM: hibernation: Registered nosave memory: [mem 0x0009e000-0x000fffff]
Sep 08 20:33:09 archlinux kernel: PM: hibernation: Registered nosave memory: [mem 0x7a5cc000-0x7a5ccfff]
Sep 08 20:33:09 archlinux kernel: PM: hibernation: Registered nosave memory: [mem 0x7a5cd000-0x7a5cdfff]
Sep 08 20:33:09 archlinux kernel: PM: hibernation: Registered nosave memory: [mem 0x86daf000-0x86e37fff]
Sep 08 20:33:09 archlinux kernel: PM: hibernation: Registered nosave memory: [mem 0x8a559000-0x8a8d4fff]
Sep 08 20:33:09 archlinux kernel: PM: hibernation: Registered nosave memory: [mem 0x8a8d5000-0x8a91bfff]
Sep 08 20:33:09 archlinux kernel: PM: hibernation: Registered nosave memory: [mem 0x8a91c000-0x8aea8fff]
Sep 08 20:33:09 archlinux kernel: PM: hibernation: Registered nosave memory: [mem 0x8aea9000-0x8b52ffff]
Sep 08 20:33:09 archlinux kernel: PM: hibernation: Registered nosave memory: [mem 0x8b530000-0x8b5fdfff]
Sep 08 20:33:09 archlinux kernel: PM: hibernation: Registered nosave memory: [mem 0x8b5ff000-0x8f7fffff]
Sep 08 20:33:09 archlinux kernel: PM: hibernation: Registered nosave memory: [mem 0x8f800000-0xdfffffff]
Sep 08 20:33:09 archlinux kernel: PM: hibernation: Registered nosave memory: [mem 0xe0000000-0xefffffff]
Sep 08 20:33:09 archlinux kernel: PM: hibernation: Registered nosave memory: [mem 0xf0000000-0xfdffffff]
Sep 08 20:33:09 archlinux kernel: PM: hibernation: Registered nosave memory: [mem 0xfe000000-0xfe010fff]
Sep 08 20:33:09 archlinux kernel: PM: hibernation: Registered nosave memory: [mem 0xfe011000-0xfebfffff]
Sep 08 20:33:09 archlinux kernel: PM: hibernation: Registered nosave memory: [mem 0xfec00000-0xfec00fff]
Sep 08 20:33:09 archlinux kernel: PM: hibernation: Registered nosave memory: [mem 0xfec01000-0xfedfffff]
Sep 08 20:33:09 archlinux kernel: PM: hibernation: Registered nosave memory: [mem 0xfee00000-0xfee00fff]
Sep 08 20:33:09 archlinux kernel: PM: hibernation: Registered nosave memory: [mem 0xfee01000-0xfeffffff]
Sep 08 20:33:09 archlinux kernel: PM: hibernation: Registered nosave memory: [mem 0xff000000-0xffffffff]
Sep 08 20:33:09 archlinux kernel: [mem 0x8f800000-0xdfffffff] available for PCI devices
Sep 08 20:33:09 archlinux kernel: Booting paravirtualized kernel on bare hardware
Sep 08 20:33:09 archlinux kernel: clocksource: refined-jiffies: mask: 0xffffffff max_cycles: 0xffffffff, max_idle_ns: 6370452778343963 ns
Sep 08 20:33:09 archlinux kernel: setup_percpu: NR_CPUS:320 nr_cpumask_bits:320 nr_cpu_ids:4 nr_node_ids:1
Sep 08 20:33:09 archlinux kernel: percpu: Embedded 56 pages/cpu s192512 r8192 d28672 u524288
Sep 08 20:33:09 archlinux kernel: pcpu-alloc: s192512 r8192 d28672 u524288 alloc=1*2097152
Sep 08 20:33:09 archlinux kernel: pcpu-alloc: [0] 0 1 2 3 
Sep 08 20:33:09 archlinux kernel: Built 1 zonelists, mobility grouping on.  Total pages: 1007208
Sep 08 20:33:09 archlinux kernel: Policy zone: Normal
Sep 08 20:33:09 archlinux kernel: Kernel command line: BOOT_IMAGE=/boot/vmlinuz-linux root=UUID=051c6d20-89c0-43c7-8174-18a02617a567 rw loglevel=3
Sep 08 20:33:09 archlinux kernel: Dentry cache hash table entries: 524288 (order: 10, 4194304 bytes, linear)
Sep 08 20:33:09 archlinux kernel: Inode-cache hash table entries: 262144 (order: 9, 2097152 bytes, linear)
Sep 08 20:33:09 archlinux kernel: mem auto-init: stack:byref_all, heap alloc:on, heap free:off
Sep 08 20:33:09 archlinux kernel: Memory: 3865092K/4092880K available (14339K kernel code, 1480K rwdata, 7916K rodata, 1644K init, 3024K bss, 227788K reserved, 0K cma-reserved)
Sep 08 20:33:09 archlinux kernel: random: get_random_u64 called from __kmem_cache_create+0x3e/0x600 with crng_init=0
Sep 08 20:33:09 archlinux kernel: SLUB: HWalign=64, Order=0-3, MinObjects=0, CPUs=4, Nodes=1
Sep 08 20:33:09 archlinux kernel: Kernel/User page tables isolation: enabled
Sep 08 20:33:09 archlinux kernel: ftrace: allocating 40115 entries in 157 pages
Sep 08 20:33:09 archlinux kernel: ftrace: allocated 157 pages with 5 groups
Sep 08 20:33:09 archlinux kernel: rcu: Preemptible hierarchical RCU implementation.
Sep 08 20:33:09 archlinux kernel: rcu:         RCU dyntick-idle grace-period acceleration is enabled.
Sep 08 20:33:09 archlinux kernel: rcu:         RCU restricting CPUs from NR_CPUS=320 to nr_cpu_ids=4.
Sep 08 20:33:09 archlinux kernel: rcu:         RCU priority boosting: priority 1 delay 500 ms.
Sep 08 20:33:09 archlinux kernel:         Trampoline variant of Tasks RCU enabled.
Sep 08 20:33:09 archlinux kernel:         Rude variant of Tasks RCU enabled.
Sep 08 20:33:09 archlinux kernel: rcu: RCU calculated value of scheduler-enlistment delay is 30 jiffies.
Sep 08 20:33:09 archlinux kernel: rcu: Adjusting geometry for rcu_fanout_leaf=16, nr_cpu_ids=4
Sep 08 20:33:09 archlinux kernel: NR_IRQS: 20736, nr_irqs: 1024, preallocated irqs: 16
Sep 08 20:33:09 archlinux kernel: spurious 8259A interrupt: IRQ7.
Sep 08 20:33:09 archlinux kernel: Console: colour dummy device 80x25
Sep 08 20:33:09 archlinux kernel: printk: console [tty0] enabled
Sep 08 20:33:09 archlinux kernel: ACPI: Core revision 20200528
Sep 08 20:33:09 archlinux kernel: clocksource: hpet: mask: 0xffffffff max_cycles: 0xffffffff, max_idle_ns: 79635855245 ns
Sep 08 20:33:09 archlinux kernel: APIC: Switch to symmetric I/O mode setup
Sep 08 20:33:09 archlinux kernel: DMAR: Host address width 39
Sep 08 20:33:09 archlinux kernel: DMAR: DRHD base: 0x000000fed90000 flags: 0x0
Sep 08 20:33:09 archlinux kernel: DMAR: dmar0: reg_base_addr fed90000 ver 1:0 cap 1c0000c40660462 ecap 19e2ff0505e
Sep 08 20:33:09 archlinux kernel: DMAR: DRHD base: 0x000000fed91000 flags: 0x1
Sep 08 20:33:09 archlinux kernel: DMAR: dmar1: reg_base_addr fed91000 ver 1:0 cap d2008c40660462 ecap f050da
Sep 08 20:33:09 archlinux kernel: DMAR: RMRR base: 0x0000008a628000 end: 0x0000008a647fff
Sep 08 20:33:09 archlinux kernel: DMAR: RMRR base: 0x0000008d000000 end: 0x0000008f7fffff
Sep 08 20:33:09 archlinux kernel: DMAR: ANDD device: 1 name: \_SB.PCI0.I2C0
Sep 08 20:33:09 archlinux kernel: DMAR-IR: IOAPIC id 2 under DRHD base  0xfed91000 IOMMU 1
Sep 08 20:33:09 archlinux kernel: DMAR-IR: HPET id 0 under DRHD base 0xfed91000
Sep 08 20:33:09 archlinux kernel: DMAR-IR: Queued invalidation will be enabled to support x2apic and Intr-remapping.
Sep 08 20:33:09 archlinux kernel: DMAR-IR: Enabled IRQ remapping in x2apic mode
Sep 08 20:33:09 archlinux kernel: x2apic enabled
Sep 08 20:33:09 archlinux kernel: Switched APIC routing to cluster x2apic.
Sep 08 20:33:09 archlinux kernel: ..TIMER: vector=0x30 apic1=0 pin1=2 apic2=-1 pin2=-1
Sep 08 20:33:09 archlinux kernel: clocksource: tsc-early: mask: 0xffffffffffffffff max_cycles: 0x212717146a7, max_idle_ns: 440795291431 ns
Sep 08 20:33:09 archlinux kernel: Calibrating delay loop (skipped), value calculated using timer frequency.. 4601.60 BogoMIPS (lpj=7666560)
Sep 08 20:33:09 archlinux kernel: pid_max: default: 32768 minimum: 301
Sep 08 20:33:09 archlinux kernel: LSM: Security Framework initializing
Sep 08 20:33:09 archlinux kernel: Yama: becoming mindful.
Sep 08 20:33:09 archlinux kernel: Mount-cache hash table entries: 8192 (order: 4, 65536 bytes, linear)
Sep 08 20:33:09 archlinux kernel: Mountpoint-cache hash table entries: 8192 (order: 4, 65536 bytes, linear)
Sep 08 20:33:09 archlinux kernel: mce: CPU0: Thermal monitoring enabled (TM1)
Sep 08 20:33:09 archlinux kernel: process: using mwait in idle threads
Sep 08 20:33:09 archlinux kernel: Last level iTLB entries: 4KB 64, 2MB 8, 4MB 8
Sep 08 20:33:09 archlinux kernel: Last level dTLB entries: 4KB 64, 2MB 0, 4MB 0, 1GB 4
Sep 08 20:33:09 archlinux kernel: Spectre V1 : Mitigation: usercopy/swapgs barriers and __user pointer sanitization
Sep 08 20:33:09 archlinux kernel: Spectre V2 : Mitigation: Full generic retpoline
Sep 08 20:33:09 archlinux kernel: Spectre V2 : Spectre v2 / SpectreRSB mitigation: Filling RSB on context switch
Sep 08 20:33:09 archlinux kernel: Spectre V2 : Enabling Restricted Speculation for firmware calls
Sep 08 20:33:09 archlinux kernel: Spectre V2 : mitigation: Enabling conditional Indirect Branch Prediction Barrier
Sep 08 20:33:09 archlinux kernel: Spectre V2 : User space: Mitigation: STIBP via seccomp and prctl
Sep 08 20:33:09 archlinux kernel: Speculative Store Bypass: Mitigation: Speculative Store Bypass disabled via prctl and seccomp
Sep 08 20:33:09 archlinux kernel: SRBDS: Vulnerable: No microcode
Sep 08 20:33:09 archlinux kernel: MDS: Mitigation: Clear CPU buffers
Sep 08 20:33:09 archlinux kernel: Freeing SMP alternatives memory: 32K
Sep 08 20:33:09 archlinux kernel: smpboot: CPU0: Intel(R) Core(TM) i3-7020U CPU @ 2.30GHz (family: 0x6, model: 0x8e, stepping: 0x9)
Sep 08 20:33:09 archlinux kernel: Performance Events: PEBS fmt3+, Skylake events, 32-deep LBR, full-width counters, Intel PMU driver.
Sep 08 20:33:09 archlinux kernel: ... version:                4
Sep 08 20:33:09 archlinux kernel: ... bit width:              48
Sep 08 20:33:09 archlinux kernel: ... generic registers:      4
Sep 08 20:33:09 archlinux kernel: ... value mask:             0000ffffffffffff
Sep 08 20:33:09 archlinux kernel: ... max period:             00007fffffffffff
Sep 08 20:33:09 archlinux kernel: ... fixed-purpose events:   3
Sep 08 20:33:09 archlinux kernel: ... event mask:             000000070000000f
Sep 08 20:33:09 archlinux kernel: rcu: Hierarchical SRCU implementation.
Sep 08 20:33:09 archlinux kernel: NMI watchdog: Enabled. Permanently consumes one hw-PMU counter.
Sep 08 20:33:09 archlinux kernel: smp: Bringing up secondary CPUs ...
Sep 08 20:33:09 archlinux kernel: x86: Booting SMP configuration:
Sep 08 20:33:09 archlinux kernel: .... node  #0, CPUs:      #1 #2
Sep 08 20:33:09 archlinux kernel: MDS CPU bug present and SMT on, data leak possible. See https://www.kernel.org/doc/html/latest/admin-guide/hw-vuln/mds.html for more details.
Sep 08 20:33:09 archlinux kernel:  #3
Sep 08 20:33:09 archlinux kernel: smp: Brought up 1 node, 4 CPUs
Sep 08 20:33:09 archlinux kernel: smpboot: Max logical packages: 1
Sep 08 20:33:09 archlinux kernel: smpboot: Total of 4 processors activated (18407.40 BogoMIPS)
Sep 08 20:33:09 archlinux kernel: devtmpfs: initialized
Sep 08 20:33:09 archlinux kernel: x86/mm: Memory block size: 128MB
Sep 08 20:33:09 archlinux kernel: PM: Registering ACPI NVS region [mem 0x7a5cc000-0x7a5ccfff] (4096 bytes)
Sep 08 20:33:09 archlinux kernel: PM: Registering ACPI NVS region [mem 0x8a91c000-0x8aea8fff] (5820416 bytes)
Sep 08 20:33:09 archlinux kernel: clocksource: jiffies: mask: 0xffffffff max_cycles: 0xffffffff, max_idle_ns: 6370867519511994 ns
Sep 08 20:33:09 archlinux kernel: futex hash table entries: 1024 (order: 4, 65536 bytes, linear)
Sep 08 20:33:09 archlinux kernel: pinctrl core: initialized pinctrl subsystem
Sep 08 20:33:09 archlinux kernel: PM: RTC time: 17:33:02, date: 2020-09-08
Sep 08 20:33:09 archlinux kernel: thermal_sys: Registered thermal governor 'fair_share'
Sep 08 20:33:09 archlinux kernel: thermal_sys: Registered thermal governor 'bang_bang'
Sep 08 20:33:09 archlinux kernel: thermal_sys: Registered thermal governor 'step_wise'
Sep 08 20:33:09 archlinux kernel: thermal_sys: Registered thermal governor 'user_space'
Sep 08 20:33:09 archlinux kernel: thermal_sys: Registered thermal governor 'power_allocator'
Sep 08 20:33:09 archlinux kernel: NET: Registered protocol family 16
Sep 08 20:33:09 archlinux kernel: DMA: preallocated 512 KiB GFP_KERNEL pool for atomic allocations
Sep 08 20:33:09 archlinux kernel: DMA: preallocated 512 KiB GFP_KERNEL|GFP_DMA pool for atomic allocations
Sep 08 20:33:09 archlinux kernel: DMA: preallocated 512 KiB GFP_KERNEL|GFP_DMA32 pool for atomic allocations
Sep 08 20:33:09 archlinux kernel: audit: initializing netlink subsys (disabled)
Sep 08 20:33:09 archlinux kernel: audit: type=2000 audit(1599586382.026:1): state=initialized audit_enabled=0 res=1
Sep 08 20:33:09 archlinux kernel: cpuidle: using governor ladder
Sep 08 20:33:09 archlinux kernel: cpuidle: using governor menu
Sep 08 20:33:09 archlinux kernel: Simple Boot Flag at 0x47 set to 0x80
Sep 08 20:33:09 archlinux kernel: ACPI: bus type PCI registered
Sep 08 20:33:09 archlinux kernel: acpiphp: ACPI Hot Plug PCI Controller Driver version: 0.5
Sep 08 20:33:09 archlinux kernel: PCI: MMCONFIG for domain 0000 [bus 00-ff] at [mem 0xe0000000-0xefffffff] (base 0xe0000000)
Sep 08 20:33:09 archlinux kernel: PCI: MMCONFIG at [mem 0xe0000000-0xefffffff] reserved in E820
Sep 08 20:33:09 archlinux kernel: PCI: Using configuration type 1 for base access
Sep 08 20:33:09 archlinux kernel: ENERGY_PERF_BIAS: Set to 'normal', was 'performance'
Sep 08 20:33:09 archlinux kernel: HugeTLB registered 1.00 GiB page size, pre-allocated 0 pages
Sep 08 20:33:09 archlinux kernel: HugeTLB registered 2.00 MiB page size, pre-allocated 0 pages
Sep 08 20:33:09 archlinux kernel: ACPI: Added _OSI(Module Device)
Sep 08 20:33:09 archlinux kernel: ACPI: Added _OSI(Processor Device)
Sep 08 20:33:09 archlinux kernel: ACPI: Added _OSI(3.0 _SCP Extensions)
Sep 08 20:33:09 archlinux kernel: ACPI: Added _OSI(Processor Aggregator Device)
Sep 08 20:33:09 archlinux kernel: ACPI: Added _OSI(Linux-Dell-Video)
Sep 08 20:33:09 archlinux kernel: ACPI: Added _OSI(Linux-Lenovo-NV-HDMI-Audio)
Sep 08 20:33:09 archlinux kernel: ACPI: Added _OSI(Linux-HPI-Hybrid-Graphics)
Sep 08 20:33:09 archlinux kernel: ACPI: 15 ACPI AML tables successfully acquired and loaded
Sep 08 20:33:09 archlinux kernel: ACPI Error: No pointer back to namespace node in package 00000000b3521726 (20200528/dsargs-301)
Sep 08 20:33:09 archlinux kernel: ACPI Error: No pointer back to namespace node in package 00000000f6254bbb (20200528/dsargs-301)
Sep 08 20:33:09 archlinux kernel: ACPI Error: No pointer back to namespace node in package 00000000a1e71dc9 (20200528/dsargs-301)
Sep 08 20:33:09 archlinux kernel: ACPI: [Firmware Bug]: BIOS _OSI(Linux) query ignored
Sep 08 20:33:09 archlinux kernel: ACPI: Dynamic OEM Table Load:
Sep 08 20:33:09 archlinux kernel: ACPI: SSDT 0xFFFF986A6A225800 00060F (v02 PmRef  Cpu0Ist  00003000 INTL 20160422)
Sep 08 20:33:09 archlinux kernel: ACPI Error: No pointer back to namespace node in package 00000000b3521726 (20200528/dsargs-301)
Sep 08 20:33:09 archlinux kernel: ACPI Error: No pointer back to namespace node in package 00000000f6254bbb (20200528/dsargs-301)
Sep 08 20:33:09 archlinux kernel: ACPI Error: No pointer back to namespace node in package 00000000a1e71dc9 (20200528/dsargs-301)
Sep 08 20:33:09 archlinux kernel: ACPI: \_PR_.PR00: _OSC native thermal LVT Acked
Sep 08 20:33:09 archlinux kernel: ACPI: Dynamic OEM Table Load:
Sep 08 20:33:09 archlinux kernel: ACPI: SSDT 0xFFFF986A6A221800 000424 (v02 PmRef  Cpu0Cst  00003001 INTL 20160422)
Sep 08 20:33:09 archlinux kernel: ACPI Error: No pointer back to namespace node in package 00000000b3521726 (20200528/dsargs-301)
Sep 08 20:33:09 archlinux kernel: ACPI Error: No pointer back to namespace node in package 00000000f6254bbb (20200528/dsargs-301)
Sep 08 20:33:09 archlinux kernel: ACPI Error: No pointer back to namespace node in package 00000000a1e71dc9 (20200528/dsargs-301)
Sep 08 20:33:09 archlinux kernel: ACPI: Dynamic OEM Table Load:
Sep 08 20:33:09 archlinux kernel: ACPI: SSDT 0xFFFF986A6A20C240 0000BA (v02 PmRef  Cpu0Hwp  00003000 INTL 20160422)
Sep 08 20:33:09 archlinux kernel: ACPI Error: No pointer back to namespace node in package 00000000b3521726 (20200528/dsargs-301)
Sep 08 20:33:09 archlinux kernel: ACPI Error: No pointer back to namespace node in package 00000000f6254bbb (20200528/dsargs-301)
Sep 08 20:33:09 archlinux kernel: ACPI Error: No pointer back to namespace node in package 00000000a1e71dc9 (20200528/dsargs-301)
Sep 08 20:33:09 archlinux kernel: ACPI: Dynamic OEM Table Load:
Sep 08 20:33:09 archlinux kernel: ACPI: SSDT 0xFFFF986A6A223000 000628 (v02 PmRef  HwpLvt   00003000 INTL 20160422)
Sep 08 20:33:09 archlinux kernel: ACPI Error: No pointer back to namespace node in package 00000000b3521726 (20200528/dsargs-301)
Sep 08 20:33:09 archlinux kernel: ACPI Error: No pointer back to namespace node in package 00000000f6254bbb (20200528/dsargs-301)
Sep 08 20:33:09 archlinux kernel: ACPI Error: No pointer back to namespace node in package 00000000a1e71dc9 (20200528/dsargs-301)
Sep 08 20:33:09 archlinux kernel: ACPI: Dynamic OEM Table Load:
Sep 08 20:33:09 archlinux kernel: ACPI: SSDT 0xFFFF986A6A273000 000D14 (v02 PmRef  ApIst    00003000 INTL 20160422)
Sep 08 20:33:09 archlinux kernel: ACPI Error: No pointer back to namespace node in package 00000000b3521726 (20200528/dsargs-301)
Sep 08 20:33:09 archlinux kernel: ACPI Error: No pointer back to namespace node in package 00000000f6254bbb (20200528/dsargs-301)
Sep 08 20:33:09 archlinux kernel: ACPI Error: No pointer back to namespace node in package 00000000a1e71dc9 (20200528/dsargs-301)
Sep 08 20:33:09 archlinux kernel: ACPI: Dynamic OEM Table Load:
Sep 08 20:33:09 archlinux kernel: ACPI: SSDT 0xFFFF986A69C01000 000317 (v02 PmRef  ApHwp    00003000 INTL 20160422)
Sep 08 20:33:09 archlinux kernel: ACPI Error: No pointer back to namespace node in package 00000000b3521726 (20200528/dsargs-301)
Sep 08 20:33:09 archlinux kernel: ACPI Error: No pointer back to namespace node in package 00000000f6254bbb (20200528/dsargs-301)
Sep 08 20:33:09 archlinux kernel: ACPI Error: No pointer back to namespace node in package 00000000a1e71dc9 (20200528/dsargs-301)
Sep 08 20:33:09 archlinux kernel: ACPI: Dynamic OEM Table Load:
Sep 08 20:33:09 archlinux kernel: ACPI: SSDT 0xFFFF986A69C00000 00030A (v02 PmRef  ApCst    00003000 INTL 20160422)
Sep 08 20:33:09 archlinux kernel: ACPI Error: No pointer back to namespace node in package 00000000b3521726 (20200528/dsargs-301)
Sep 08 20:33:09 archlinux kernel: ACPI Error: No pointer back to namespace node in package 00000000f6254bbb (20200528/dsargs-301)
Sep 08 20:33:09 archlinux kernel: ACPI Error: No pointer back to namespace node in package 00000000a1e71dc9 (20200528/dsargs-301)
Sep 08 20:33:09 archlinux kernel: ACPI: EC: EC started
Sep 08 20:33:09 archlinux kernel: ACPI: EC: interrupt blocked
Sep 08 20:33:09 archlinux kernel: ACPI: EC: EC_CMD/EC_SC=0x934, EC_DATA=0x930
Sep 08 20:33:09 archlinux kernel: ACPI: \_SB_.PCI0.LPCB.ECDV: Boot DSDT EC used to handle transactions
Sep 08 20:33:09 archlinux kernel: ACPI: Interpreter enabled
Sep 08 20:33:09 archlinux kernel: ACPI: (supports S0 S3 S4 S5)
Sep 08 20:33:09 archlinux kernel: ACPI: Using IOAPIC for interrupt routing
Sep 08 20:33:09 archlinux kernel: PCI: Using host bridge windows from ACPI; if necessary, use "pci=nocrs" and report a bug
Sep 08 20:33:09 archlinux kernel: ACPI: Enabled 7 GPEs in block 00 to 7F
Sep 08 20:33:09 archlinux kernel: ACPI: Power Resource [PC01] (on)
Sep 08 20:33:09 archlinux kernel: ACPI: PCI Root Bridge [PCI0] (domain 0000 [bus 00-fe])
Sep 08 20:33:09 archlinux kernel: acpi PNP0A08:00: _OSC: OS supports [ExtendedConfig ASPM ClockPM Segments MSI EDR HPX-Type3]
Sep 08 20:33:09 archlinux kernel: acpi PNP0A08:00: _OSC: OS now controls [PCIeHotplug SHPCHotplug PME AER PCIeCapability LTR DPC]
Sep 08 20:33:09 archlinux kernel: PCI host bridge to bus 0000:00
Sep 08 20:33:09 archlinux kernel: pci_bus 0000:00: root bus resource [io  0x0000-0x0cf7 window]
Sep 08 20:33:09 archlinux kernel: pci_bus 0000:00: root bus resource [io  0x0d00-0xffff window]
Sep 08 20:33:09 archlinux kernel: pci_bus 0000:00: root bus resource [mem 0x000a0000-0x000bffff window]
Sep 08 20:33:09 archlinux kernel: pci_bus 0000:00: root bus resource [mem 0x000c0000-0x000c3fff window]
Sep 08 20:33:09 archlinux kernel: pci_bus 0000:00: root bus resource [mem 0x000c4000-0x000c7fff window]
Sep 08 20:33:09 archlinux kernel: pci_bus 0000:00: root bus resource [mem 0x000c8000-0x000cbfff window]
Sep 08 20:33:09 archlinux kernel: pci_bus 0000:00: root bus resource [mem 0x000cc000-0x000cffff window]
Sep 08 20:33:09 archlinux kernel: pci_bus 0000:00: root bus resource [mem 0x000d0000-0x000d3fff window]
Sep 08 20:33:09 archlinux kernel: pci_bus 0000:00: root bus resource [mem 0x000d4000-0x000d7fff window]
Sep 08 20:33:09 archlinux kernel: pci_bus 0000:00: root bus resource [mem 0x000d8000-0x000dbfff window]
Sep 08 20:33:09 archlinux kernel: pci_bus 0000:00: root bus resource [mem 0x000dc000-0x000dffff window]
Sep 08 20:33:09 archlinux kernel: pci_bus 0000:00: root bus resource [mem 0x8f800000-0xdfffffff window]
Sep 08 20:33:09 archlinux kernel: pci_bus 0000:00: root bus resource [mem 0xfd000000-0xfe7fffff window]
Sep 08 20:33:09 archlinux kernel: pci_bus 0000:00: root bus resource [bus 00-fe]
Sep 08 20:33:09 archlinux kernel: pci 0000:00:00.0: [8086:5904] type 00 class 0x060000
Sep 08 20:33:09 archlinux kernel: pci 0000:00:02.0: [8086:5921] type 00 class 0x030000
Sep 08 20:33:09 archlinux kernel: pci 0000:00:02.0: reg 0x10: [mem 0xd1000000-0xd1ffffff 64bit]
Sep 08 20:33:09 archlinux kernel: pci 0000:00:02.0: reg 0x18: [mem 0xb0000000-0xbfffffff 64bit pref]
Sep 08 20:33:09 archlinux kernel: pci 0000:00:02.0: reg 0x20: [io  0xf000-0xf03f]
Sep 08 20:33:09 archlinux kernel: pci 0000:00:02.0: BAR 2: assigned to efifb
Sep 08 20:33:09 archlinux kernel: pci 0000:00:04.0: [8086:1903] type 00 class 0x118000
Sep 08 20:33:09 archlinux kernel: pci 0000:00:04.0: reg 0x10: [mem 0xd2320000-0xd2327fff 64bit]
Sep 08 20:33:09 archlinux kernel: pci 0000:00:14.0: [8086:9d2f] type 00 class 0x0c0330
Sep 08 20:33:09 archlinux kernel: pci 0000:00:14.0: reg 0x10: [mem 0xd2310000-0xd231ffff 64bit]
Sep 08 20:33:09 archlinux kernel: pci 0000:00:14.0: PME# supported from D3hot D3cold
Sep 08 20:33:09 archlinux kernel: pci 0000:00:14.2: [8086:9d31] type 00 class 0x118000
Sep 08 20:33:09 archlinux kernel: pci 0000:00:14.2: reg 0x10: [mem 0xd2337000-0xd2337fff 64bit]
Sep 08 20:33:09 archlinux kernel: pci 0000:00:15.0: [8086:9d60] type 00 class 0x118000
Sep 08 20:33:09 archlinux kernel: pci 0000:00:15.0: reg 0x10: [mem 0xd2336000-0xd2336fff 64bit]
Sep 08 20:33:09 archlinux kernel: pci 0000:00:16.0: [8086:9d3a] type 00 class 0x078000
Sep 08 20:33:09 archlinux kernel: pci 0000:00:16.0: reg 0x10: [mem 0xd2335000-0xd2335fff 64bit]
Sep 08 20:33:09 archlinux kernel: pci 0000:00:16.0: PME# supported from D3hot
Sep 08 20:33:09 archlinux kernel: pci 0000:00:17.0: [8086:9d03] type 00 class 0x010601
Sep 08 20:33:09 archlinux kernel: pci 0000:00:17.0: reg 0x10: [mem 0xd2330000-0xd2331fff]
Sep 08 20:33:09 archlinux kernel: pci 0000:00:17.0: reg 0x14: [mem 0xd2334000-0xd23340ff]
Sep 08 20:33:09 archlinux kernel: pci 0000:00:17.0: reg 0x18: [io  0xf090-0xf097]
Sep 08 20:33:09 archlinux kernel: pci 0000:00:17.0: reg 0x1c: [io  0xf080-0xf083]
Sep 08 20:33:09 archlinux kernel: pci 0000:00:17.0: reg 0x20: [io  0xf060-0xf07f]
Sep 08 20:33:09 archlinux kernel: pci 0000:00:17.0: reg 0x24: [mem 0xd2333000-0xd23337ff]
Sep 08 20:33:09 archlinux kernel: pci 0000:00:17.0: PME# supported from D3hot
Sep 08 20:33:09 archlinux kernel: pci 0000:00:1c.0: [8086:9d10] type 01 class 0x060400
Sep 08 20:33:09 archlinux kernel: pci 0000:00:1c.0: PME# supported from D0 D3hot D3cold
Sep 08 20:33:09 archlinux kernel: pci 0000:00:1c.4: [8086:9d14] type 01 class 0x060400
Sep 08 20:33:09 archlinux kernel: pci 0000:00:1c.4: PME# supported from D0 D3hot D3cold
Sep 08 20:33:09 archlinux kernel: pci 0000:00:1c.5: [8086:9d15] type 01 class 0x060400
Sep 08 20:33:09 archlinux kernel: pci 0000:00:1c.5: PME# supported from D0 D3hot D3cold
Sep 08 20:33:09 archlinux kernel: pci 0000:00:1f.0: [8086:9d4e] type 00 class 0x060100
Sep 08 20:33:09 archlinux kernel: pci 0000:00:1f.2: [8086:9d21] type 00 class 0x058000
Sep 08 20:33:09 archlinux kernel: pci 0000:00:1f.2: reg 0x10: [mem 0xd232c000-0xd232ffff]
Sep 08 20:33:09 archlinux kernel: pci 0000:00:1f.3: [8086:9d71] type 00 class 0x040380
Sep 08 20:33:09 archlinux kernel: pci 0000:00:1f.3: reg 0x10: [mem 0xd2328000-0xd232bfff 64bit]
Sep 08 20:33:09 archlinux kernel: pci 0000:00:1f.3: reg 0x20: [mem 0xd2300000-0xd230ffff 64bit]
Sep 08 20:33:09 archlinux kernel: pci 0000:00:1f.3: PME# supported from D3hot D3cold
Sep 08 20:33:09 archlinux kernel: pci 0000:00:1f.4: [8086:9d23] type 00 class 0x0c0500
Sep 08 20:33:09 archlinux kernel: pci 0000:00:1f.4: reg 0x10: [mem 0xd2332000-0xd23320ff 64bit]
Sep 08 20:33:09 archlinux kernel: pci 0000:00:1f.4: reg 0x20: [io  0xf040-0xf05f]
Sep 08 20:33:09 archlinux kernel: pci 0000:01:00.0: [1002:6665] type 00 class 0x038000
Sep 08 20:33:09 archlinux kernel: pci 0000:01:00.0: reg 0x10: [mem 0xc0000000-0xcfffffff 64bit pref]
Sep 08 20:33:09 archlinux kernel: pci 0000:01:00.0: reg 0x18: [mem 0xd0000000-0xd003ffff 64bit]
Sep 08 20:33:09 archlinux kernel: pci 0000:01:00.0: reg 0x20: [io  0xe000-0xe0ff]
Sep 08 20:33:09 archlinux kernel: pci 0000:01:00.0: reg 0x30: [mem 0xd0040000-0xd005ffff pref]
Sep 08 20:33:09 archlinux kernel: pci 0000:01:00.0: enabling Extended Tags
Sep 08 20:33:09 archlinux kernel: pci 0000:01:00.0: supports D1 D2
Sep 08 20:33:09 archlinux kernel: pci 0000:01:00.0: PME# supported from D1 D2 D3hot
Sep 08 20:33:09 archlinux kernel: pci 0000:01:00.0: 31.504 Gb/s available PCIe bandwidth, limited by 8.0 GT/s PCIe x4 link at 0000:00:1c.0 (capable of 63.008 Gb/s with 8.0 GT/s PCIe x8 link)
Sep 08 20:33:09 archlinux kernel: pci 0000:00:1c.0: PCI bridge to [bus 01]
Sep 08 20:33:09 archlinux kernel: pci 0000:00:1c.0:   bridge window [io  0xe000-0xefff]
Sep 08 20:33:09 archlinux kernel: pci 0000:00:1c.0:   bridge window [mem 0xc0000000-0xd00fffff]
Sep 08 20:33:09 archlinux kernel: pci 0000:02:00.0: [10ec:8136] type 00 class 0x020000
Sep 08 20:33:09 archlinux kernel: pci 0000:02:00.0: reg 0x10: [io  0xd000-0xd0ff]
Sep 08 20:33:09 archlinux kernel: pci 0000:02:00.0: reg 0x18: [mem 0xd2204000-0xd2204fff 64bit]
Sep 08 20:33:09 archlinux kernel: pci 0000:02:00.0: reg 0x20: [mem 0xd2200000-0xd2203fff 64bit pref]
Sep 08 20:33:09 archlinux kernel: pci 0000:02:00.0: supports D1 D2
Sep 08 20:33:09 archlinux kernel: pci 0000:02:00.0: PME# supported from D0 D1 D2 D3hot D3cold
Sep 08 20:33:09 archlinux kernel: pci 0000:00:1c.4: PCI bridge to [bus 02]
Sep 08 20:33:09 archlinux kernel: pci 0000:00:1c.4:   bridge window [io  0xd000-0xdfff]
Sep 08 20:33:09 archlinux kernel: pci 0000:00:1c.4:   bridge window [mem 0xd2200000-0xd22fffff]
Sep 08 20:33:09 archlinux kernel: pci 0000:03:00.0: [168c:0042] type 00 class 0x028000
Sep 08 20:33:09 archlinux kernel: pci 0000:03:00.0: reg 0x10: [mem 0xd2000000-0xd21fffff 64bit]
Sep 08 20:33:09 archlinux kernel: pci 0000:03:00.0: PME# supported from D0 D3hot D3cold
Sep 08 20:33:09 archlinux kernel: pci 0000:00:1c.5: PCI bridge to [bus 03]
Sep 08 20:33:09 archlinux kernel: pci 0000:00:1c.5:   bridge window [mem 0xd2000000-0xd21fffff]
Sep 08 20:33:09 archlinux kernel: ACPI: PCI Interrupt Link [LNKA] (IRQs 3 4 5 6 *10 11 12 14 15)
Sep 08 20:33:09 archlinux kernel: ACPI: PCI Interrupt Link [LNKB] (IRQs 3 4 5 6 *10 11 12 14 15)
Sep 08 20:33:09 archlinux kernel: ACPI: PCI Interrupt Link [LNKC] (IRQs 3 4 5 6 10 *11 12 14 15)
Sep 08 20:33:09 archlinux kernel: ACPI: PCI Interrupt Link [LNKD] (IRQs 3 4 5 6 10 *11 12 14 15)
Sep 08 20:33:09 archlinux kernel: ACPI: PCI Interrupt Link [LNKE] (IRQs 3 4 5 6 10 *11 12 14 15)
Sep 08 20:33:09 archlinux kernel: ACPI: PCI Interrupt Link [LNKF] (IRQs 3 4 5 6 10 *11 12 14 15)
Sep 08 20:33:09 archlinux kernel: ACPI: PCI Interrupt Link [LNKG] (IRQs 3 4 5 6 10 *11 12 14 15)
Sep 08 20:33:09 archlinux kernel: ACPI: PCI Interrupt Link [LNKH] (IRQs 3 4 5 6 10 *11 12 14 15)
Sep 08 20:33:09 archlinux kernel: ACPI: EC: interrupt unblocked
Sep 08 20:33:09 archlinux kernel: ACPI: EC: event unblocked
Sep 08 20:33:09 archlinux kernel: ACPI: EC: EC_CMD/EC_SC=0x934, EC_DATA=0x930
Sep 08 20:33:09 archlinux kernel: ACPI: EC: GPE=0x6e
Sep 08 20:33:09 archlinux kernel: ACPI: \_SB_.PCI0.LPCB.ECDV: Boot DSDT EC initialization complete
Sep 08 20:33:09 archlinux kernel: ACPI: \_SB_.PCI0.LPCB.ECDV: EC: Used to handle transactions and events
Sep 08 20:33:09 archlinux kernel: iommu: Default domain type: Translated 
Sep 08 20:33:09 archlinux kernel: pci 0000:00:02.0: vgaarb: setting as boot VGA device
Sep 08 20:33:09 archlinux kernel: pci 0000:00:02.0: vgaarb: VGA device added: decodes=io+mem,owns=io+mem,locks=none
Sep 08 20:33:09 archlinux kernel: pci 0000:00:02.0: vgaarb: bridge control possible
Sep 08 20:33:09 archlinux kernel: vgaarb: loaded
Sep 08 20:33:09 archlinux kernel: SCSI subsystem initialized
Sep 08 20:33:09 archlinux kernel: libata version 3.00 loaded.
Sep 08 20:33:09 archlinux kernel: ACPI: bus type USB registered
Sep 08 20:33:09 archlinux kernel: usbcore: registered new interface driver usbfs
Sep 08 20:33:09 archlinux kernel: usbcore: registered new interface driver hub
Sep 08 20:33:09 archlinux kernel: usbcore: registered new device driver usb
Sep 08 20:33:09 archlinux kernel: pps_core: LinuxPPS API ver. 1 registered
Sep 08 20:33:09 archlinux kernel: pps_core: Software ver. 5.3.6 - Copyright 2005-2007 Rodolfo Giometti <giometti@linux.it>
Sep 08 20:33:09 archlinux kernel: PTP clock support registered
Sep 08 20:33:09 archlinux kernel: EDAC MC: Ver: 3.0.0
Sep 08 20:33:09 archlinux kernel: Registered efivars operations
Sep 08 20:33:09 archlinux kernel: NetLabel: Initializing
Sep 08 20:33:09 archlinux kernel: NetLabel:  domain hash size = 128
Sep 08 20:33:09 archlinux kernel: NetLabel:  protocols = UNLABELED CIPSOv4 CALIPSO
Sep 08 20:33:09 archlinux kernel: NetLabel:  unlabeled traffic allowed by default
Sep 08 20:33:09 archlinux kernel: PCI: Using ACPI for IRQ routing
Sep 08 20:33:09 archlinux kernel: PCI: pci_cache_line_size set to 64 bytes
Sep 08 20:33:09 archlinux kernel: e820: reserve RAM buffer [mem 0x00058000-0x0005ffff]
Sep 08 20:33:09 archlinux kernel: e820: reserve RAM buffer [mem 0x0009e000-0x0009ffff]
Sep 08 20:33:09 archlinux kernel: e820: reserve RAM buffer [mem 0x7a5cc000-0x7bffffff]
Sep 08 20:33:09 archlinux kernel: e820: reserve RAM buffer [mem 0x86daf000-0x87ffffff]
Sep 08 20:33:09 archlinux kernel: e820: reserve RAM buffer [mem 0x8a559000-0x8bffffff]
Sep 08 20:33:09 archlinux kernel: e820: reserve RAM buffer [mem 0x8b5ff000-0x8bffffff]
Sep 08 20:33:09 archlinux kernel: e820: reserve RAM buffer [mem 0x16f800000-0x16fffffff]
Sep 08 20:33:09 archlinux kernel: hpet0: at MMIO 0xfed00000, IRQs 2, 8, 0, 0, 0, 0, 0, 0
Sep 08 20:33:09 archlinux kernel: hpet0: 8 comparators, 64-bit 24.000000 MHz counter
Sep 08 20:33:09 archlinux kernel: clocksource: Switched to clocksource tsc-early
Sep 08 20:33:09 archlinux kernel: VFS: Disk quotas dquot_6.6.0
Sep 08 20:33:09 archlinux kernel: VFS: Dquot-cache hash table entries: 512 (order 0, 4096 bytes)
Sep 08 20:33:09 archlinux kernel: pnp: PnP ACPI init
Sep 08 20:33:09 archlinux kernel: system 00:00: [io  0x0680-0x069f] has been reserved
Sep 08 20:33:09 archlinux kernel: system 00:00: [io  0xffff] has been reserved
Sep 08 20:33:09 archlinux kernel: system 00:00: [io  0xffff] has been reserved
Sep 08 20:33:09 archlinux kernel: system 00:00: [io  0xffff] has been reserved
Sep 08 20:33:09 archlinux kernel: system 00:00: [io  0x1800-0x18fe] has been reserved
Sep 08 20:33:09 archlinux kernel: system 00:00: [io  0x164e-0x164f] has been reserved
Sep 08 20:33:09 archlinux kernel: system 00:00: Plug and Play ACPI device, IDs PNP0c02 (active)
Sep 08 20:33:09 archlinux kernel: pnp 00:01: Plug and Play ACPI device, IDs PNP0b00 (active)
Sep 08 20:33:09 archlinux kernel: system 00:02: [io  0x1854-0x1857] has been reserved
Sep 08 20:33:09 archlinux kernel: system 00:02: Plug and Play ACPI device, IDs INT3f0d PNP0c02 (active)
Sep 08 20:33:09 archlinux kernel: pnp 00:03: Plug and Play ACPI device, IDs PNP0303 (active)
Sep 08 20:33:09 archlinux kernel: pnp 00:04: Plug and Play ACPI device, IDs DLL08d0 PNP0f13 (active)
Sep 08 20:33:09 archlinux kernel: system 00:05: [mem 0xfed10000-0xfed17fff] has been reserved
Sep 08 20:33:09 archlinux kernel: system 00:05: [mem 0xfed18000-0xfed18fff] has been reserved
Sep 08 20:33:09 archlinux kernel: system 00:05: [mem 0xfed19000-0xfed19fff] has been reserved
Sep 08 20:33:09 archlinux kernel: system 00:05: [mem 0xe0000000-0xefffffff] has been reserved
Sep 08 20:33:09 archlinux kernel: system 00:05: [mem 0xfed20000-0xfed3ffff] has been reserved
Sep 08 20:33:09 archlinux kernel: system 00:05: [mem 0xfed90000-0xfed93fff] could not be reserved
Sep 08 20:33:09 archlinux kernel: system 00:05: [mem 0xfed45000-0xfed8ffff] has been reserved
Sep 08 20:33:09 archlinux kernel: system 00:05: [mem 0xff000000-0xffffffff] has been reserved
Sep 08 20:33:09 archlinux kernel: system 00:05: [mem 0xfee00000-0xfeefffff] could not be reserved
Sep 08 20:33:09 archlinux kernel: system 00:05: [mem 0xdffe0000-0xdfffffff] has been reserved
Sep 08 20:33:09 archlinux kernel: system 00:05: Plug and Play ACPI device, IDs PNP0c02 (active)
Sep 08 20:33:09 archlinux kernel: system 00:06: [mem 0xfd000000-0xfdabffff] has been reserved
Sep 08 20:33:09 archlinux kernel: system 00:06: [mem 0xfdad0000-0xfdadffff] has been reserved
Sep 08 20:33:09 archlinux kernel: system 00:06: [mem 0xfdb00000-0xfdffffff] has been reserved
Sep 08 20:33:09 archlinux kernel: system 00:06: [mem 0xfe000000-0xfe01ffff] could not be reserved
Sep 08 20:33:09 archlinux kernel: system 00:06: [mem 0xfe036000-0xfe03bfff] has been reserved
Sep 08 20:33:09 archlinux kernel: system 00:06: [mem 0xfe03d000-0xfe3fffff] has been reserved
Sep 08 20:33:09 archlinux kernel: system 00:06: [mem 0xfe410000-0xfe7fffff] has been reserved
Sep 08 20:33:09 archlinux kernel: system 00:06: Plug and Play ACPI device, IDs PNP0c02 (active)
Sep 08 20:33:09 archlinux kernel: system 00:07: [io  0xff00-0xfffe] has been reserved
Sep 08 20:33:09 archlinux kernel: system 00:07: Plug and Play ACPI device, IDs PNP0c02 (active)
Sep 08 20:33:09 archlinux kernel: system 00:08: [mem 0xfe029000-0xfe029fff] has been reserved
Sep 08 20:33:09 archlinux kernel: system 00:08: [mem 0xfe028000-0xfe028fff] has been reserved
Sep 08 20:33:09 archlinux kernel: system 00:08: Plug and Play ACPI device, IDs PNP0c02 (active)
Sep 08 20:33:09 archlinux kernel: pnp: PnP ACPI: found 9 devices
Sep 08 20:33:09 archlinux kernel: clocksource: acpi_pm: mask: 0xffffff max_cycles: 0xffffff, max_idle_ns: 2085701024 ns
Sep 08 20:33:09 archlinux kernel: NET: Registered protocol family 2
Sep 08 20:33:09 archlinux kernel: tcp_listen_portaddr_hash hash table entries: 2048 (order: 3, 32768 bytes, linear)
Sep 08 20:33:09 archlinux kernel: TCP established hash table entries: 32768 (order: 6, 262144 bytes, linear)
Sep 08 20:33:09 archlinux kernel: TCP bind hash table entries: 32768 (order: 7, 524288 bytes, linear)
Sep 08 20:33:09 archlinux kernel: TCP: Hash tables configured (established 32768 bind 32768)
Sep 08 20:33:09 archlinux kernel: UDP hash table entries: 2048 (order: 4, 65536 bytes, linear)
Sep 08 20:33:09 archlinux kernel: UDP-Lite hash table entries: 2048 (order: 4, 65536 bytes, linear)
Sep 08 20:33:09 archlinux kernel: NET: Registered protocol family 1
Sep 08 20:33:09 archlinux kernel: NET: Registered protocol family 44
Sep 08 20:33:09 archlinux kernel: pci 0000:00:1c.0: PCI bridge to [bus 01]
Sep 08 20:33:09 archlinux kernel: pci 0000:00:1c.0:   bridge window [io  0xe000-0xefff]
Sep 08 20:33:09 archlinux kernel: pci 0000:00:1c.0:   bridge window [mem 0xc0000000-0xd00fffff]
Sep 08 20:33:09 archlinux kernel: pci 0000:00:1c.4: PCI bridge to [bus 02]
Sep 08 20:33:09 archlinux kernel: pci 0000:00:1c.4:   bridge window [io  0xd000-0xdfff]
Sep 08 20:33:09 archlinux kernel: pci 0000:00:1c.4:   bridge window [mem 0xd2200000-0xd22fffff]
Sep 08 20:33:09 archlinux kernel: pci 0000:00:1c.5: PCI bridge to [bus 03]
Sep 08 20:33:09 archlinux kernel: pci 0000:00:1c.5:   bridge window [mem 0xd2000000-0xd21fffff]
Sep 08 20:33:09 archlinux kernel: pci_bus 0000:00: resource 4 [io  0x0000-0x0cf7 window]
Sep 08 20:33:09 archlinux kernel: pci_bus 0000:00: resource 5 [io  0x0d00-0xffff window]
Sep 08 20:33:09 archlinux kernel: pci_bus 0000:00: resource 6 [mem 0x000a0000-0x000bffff window]
Sep 08 20:33:09 archlinux kernel: pci_bus 0000:00: resource 7 [mem 0x000c0000-0x000c3fff window]
Sep 08 20:33:09 archlinux kernel: pci_bus 0000:00: resource 8 [mem 0x000c4000-0x000c7fff window]
Sep 08 20:33:09 archlinux kernel: pci_bus 0000:00: resource 9 [mem 0x000c8000-0x000cbfff window]
Sep 08 20:33:09 archlinux kernel: pci_bus 0000:00: resource 10 [mem 0x000cc000-0x000cffff window]
Sep 08 20:33:09 archlinux kernel: pci_bus 0000:00: resource 11 [mem 0x000d0000-0x000d3fff window]
Sep 08 20:33:09 archlinux kernel: pci_bus 0000:00: resource 12 [mem 0x000d4000-0x000d7fff window]
Sep 08 20:33:09 archlinux kernel: pci_bus 0000:00: resource 13 [mem 0x000d8000-0x000dbfff window]
Sep 08 20:33:09 archlinux kernel: pci_bus 0000:00: resource 14 [mem 0x000dc000-0x000dffff window]
Sep 08 20:33:09 archlinux kernel: pci_bus 0000:00: resource 15 [mem 0x8f800000-0xdfffffff window]
Sep 08 20:33:09 archlinux kernel: pci_bus 0000:00: resource 16 [mem 0xfd000000-0xfe7fffff window]
Sep 08 20:33:09 archlinux kernel: pci_bus 0000:01: resource 0 [io  0xe000-0xefff]
Sep 08 20:33:09 archlinux kernel: pci_bus 0000:01: resource 1 [mem 0xc0000000-0xd00fffff]
Sep 08 20:33:09 archlinux kernel: pci_bus 0000:02: resource 0 [io  0xd000-0xdfff]
Sep 08 20:33:09 archlinux kernel: pci_bus 0000:02: resource 1 [mem 0xd2200000-0xd22fffff]
Sep 08 20:33:09 archlinux kernel: pci_bus 0000:03: resource 1 [mem 0xd2000000-0xd21fffff]
Sep 08 20:33:09 archlinux kernel: pci 0000:00:02.0: Video device with shadowed ROM at [mem 0x000c0000-0x000dffff]
Sep 08 20:33:09 archlinux kernel: PCI: CLS 0 bytes, default 64
Sep 08 20:33:09 archlinux kernel: Trying to unpack rootfs image as initramfs...
Sep 08 20:33:09 archlinux kernel: Freeing initrd memory: 9844K
Sep 08 20:33:09 archlinux kernel: DMAR: ACPI device "device:6b" under DMAR at fed91000 as 00:15.0
Sep 08 20:33:09 archlinux kernel: PCI-DMA: Using software bounce buffering for IO (SWIOTLB)
Sep 08 20:33:09 archlinux kernel: software IO TLB: mapped [mem 0x82daf000-0x86daf000] (64MB)
Sep 08 20:33:09 archlinux kernel: check: Scanning for low memory corruption every 60 seconds
Sep 08 20:33:09 archlinux kernel: Initialise system trusted keyrings
Sep 08 20:33:09 archlinux kernel: Key type blacklist registered
Sep 08 20:33:09 archlinux kernel: workingset: timestamp_bits=41 max_order=20 bucket_order=0
Sep 08 20:33:09 archlinux kernel: zbud: loaded
Sep 08 20:33:09 archlinux kernel: Key type asymmetric registered
Sep 08 20:33:09 archlinux kernel: Asymmetric key parser 'x509' registered
Sep 08 20:33:09 archlinux kernel: Block layer SCSI generic (bsg) driver version 0.4 loaded (major 245)
Sep 08 20:33:09 archlinux kernel: io scheduler mq-deadline registered
Sep 08 20:33:09 archlinux kernel: io scheduler kyber registered
Sep 08 20:33:09 archlinux kernel: io scheduler bfq registered
Sep 08 20:33:09 archlinux kernel: pcieport 0000:00:1c.0: PME: Signaling with IRQ 122
Sep 08 20:33:09 archlinux kernel: pcieport 0000:00:1c.0: AER: enabled with IRQ 122
Sep 08 20:33:09 archlinux kernel: pcieport 0000:00:1c.4: PME: Signaling with IRQ 123
Sep 08 20:33:09 archlinux kernel: pcieport 0000:00:1c.4: AER: enabled with IRQ 123
Sep 08 20:33:09 archlinux kernel: pcieport 0000:00:1c.5: PME: Signaling with IRQ 124
Sep 08 20:33:09 archlinux kernel: shpchp: Standard Hot Plug PCI Controller Driver version: 0.4
Sep 08 20:33:09 archlinux kernel: efifb: probing for efifb
Sep 08 20:33:09 archlinux kernel: efifb: framebuffer at 0xb0000000, using 8128k, total 8128k
Sep 08 20:33:09 archlinux kernel: efifb: mode is 1920x1080x32, linelength=7680, pages=1
Sep 08 20:33:09 archlinux kernel: efifb: scrolling: redraw
Sep 08 20:33:09 archlinux kernel: efifb: Truecolor: size=8:8:8:8, shift=24:16:8:0
Sep 08 20:33:09 archlinux kernel: fbcon: Deferring console take-over
Sep 08 20:33:09 archlinux kernel: fb0: EFI VGA frame buffer device
Sep 08 20:33:09 archlinux kernel: intel_idle: MWAIT substates: 0x11142120
Sep 08 20:33:09 archlinux kernel: intel_idle: v0.5.1 model 0x8E
Sep 08 20:33:09 archlinux kernel: intel_idle: Local APIC timer is reliable in all C-states
Sep 08 20:33:09 archlinux kernel: input: Lid Switch as /devices/LNXSYSTM:00/LNXSYBUS:00/PNP0C0D:00/input/input0
Sep 08 20:33:09 archlinux kernel: ACPI: Lid Switch [LID0]
Sep 08 20:33:09 archlinux kernel: input: Power Button as /devices/LNXSYSTM:00/LNXSYBUS:00/PNP0C0C:00/input/input1
Sep 08 20:33:09 archlinux kernel: ACPI: Power Button [PBTN]
Sep 08 20:33:09 archlinux kernel: input: Sleep Button as /devices/LNXSYSTM:00/LNXSYBUS:00/PNP0C0E:00/input/input2
Sep 08 20:33:09 archlinux kernel: ACPI: Sleep Button [SBTN]
Sep 08 20:33:09 archlinux kernel: input: Power Button as /devices/LNXSYSTM:00/LNXPWRBN:00/input/input3
Sep 08 20:33:09 archlinux kernel: ACPI: Power Button [PWRF]
Sep 08 20:33:09 archlinux kernel: thermal LNXTHERM:00: registered as thermal_zone0
Sep 08 20:33:09 archlinux kernel: ACPI: Thermal Zone [THM] (25 C)
Sep 08 20:33:09 archlinux kernel: Serial: 8250/16550 driver, 4 ports, IRQ sharing enabled
Sep 08 20:33:09 archlinux kernel: AMD-Vi: AMD IOMMUv2 driver by Joerg Roedel <jroedel@suse.de>
Sep 08 20:33:09 archlinux kernel: AMD-Vi: AMD IOMMUv2 functionality not available on this system
Sep 08 20:33:09 archlinux kernel: ahci 0000:00:17.0: version 3.0
Sep 08 20:33:09 archlinux kernel: ahci 0000:00:17.0: SSS flag set, parallel bus scan disabled
Sep 08 20:33:09 archlinux kernel: ahci 0000:00:17.0: AHCI 0001.0301 32 slots 2 ports 6 Gbps 0x3 impl SATA mode
Sep 08 20:33:09 archlinux kernel: ahci 0000:00:17.0: flags: 64bit ncq stag pm led clo only pio slum part deso sadm sds apst 
Sep 08 20:33:09 archlinux kernel: scsi host0: ahci
Sep 08 20:33:09 archlinux kernel: scsi host1: ahci
Sep 08 20:33:09 archlinux kernel: ata1: SATA max UDMA/133 abar m2048@0xd2333000 port 0xd2333100 irq 125
Sep 08 20:33:09 archlinux kernel: ata2: SATA max UDMA/133 abar m2048@0xd2333000 port 0xd2333180 irq 125
Sep 08 20:33:09 archlinux kernel: usbcore: registered new interface driver usbserial_generic
Sep 08 20:33:09 archlinux kernel: usbserial: USB Serial support registered for generic
Sep 08 20:33:09 archlinux kernel: rtc_cmos 00:01: RTC can wake from S4
Sep 08 20:33:09 archlinux kernel: rtc_cmos 00:01: registered as rtc0
Sep 08 20:33:09 archlinux kernel: rtc_cmos 00:01: setting system clock to 2020-09-08T17:33:02 UTC (1599586382)
Sep 08 20:33:09 archlinux kernel: rtc_cmos 00:01: alarms up to one month, y3k, 242 bytes nvram, hpet irqs
Sep 08 20:33:09 archlinux kernel: intel_pstate: Intel P-state driver initializing
Sep 08 20:33:09 archlinux kernel: intel_pstate: HWP enabled
Sep 08 20:33:09 archlinux kernel: ledtrig-cpu: registered to indicate activity on CPUs
Sep 08 20:33:09 archlinux kernel: intel_pmc_core INT33A1:00:  initialized
Sep 08 20:33:09 archlinux kernel: drop_monitor: Initializing network drop monitor service
Sep 08 20:33:09 archlinux kernel: NET: Registered protocol family 10
Sep 08 20:33:09 archlinux kernel: Segment Routing with IPv6
Sep 08 20:33:09 archlinux kernel: RPL Segment Routing with IPv6
Sep 08 20:33:09 archlinux kernel: NET: Registered protocol family 17
Sep 08 20:33:09 archlinux kernel: microcode: sig=0x806e9, pf=0x40, revision=0xca
Sep 08 20:33:09 archlinux kernel: microcode: Microcode Update Driver: v2.2.
Sep 08 20:33:09 archlinux kernel: IPI shorthand broadcast: enabled
Sep 08 20:33:09 archlinux kernel: sched_clock: Marking stable (573578911, 536422)->(578043043, -3927710)
Sep 08 20:33:09 archlinux kernel: registered taskstats version 1
Sep 08 20:33:09 archlinux kernel: Loading compiled-in X.509 certificates
Sep 08 20:33:09 archlinux kernel: Loaded X.509 cert 'Build time autogenerated kernel key: f695e24b92bf06d3c976c7200a324a5539d16caa'
Sep 08 20:33:09 archlinux kernel: zswap: loaded using pool lz4/z3fold
Sep 08 20:33:09 archlinux kernel: Key type ._fscrypt registered
Sep 08 20:33:09 archlinux kernel: Key type .fscrypt registered
Sep 08 20:33:09 archlinux kernel: Key type fscrypt-provisioning registered
Sep 08 20:33:09 archlinux kernel: PM:   Magic number: 4:452:592
Sep 08 20:33:09 archlinux kernel: RAS: Correctable Errors collector initialized.
Sep 08 20:33:09 archlinux kernel: ata1: SATA link up 6.0 Gbps (SStatus 133 SControl 300)
Sep 08 20:33:09 archlinux kernel: ata1.00: ACPI cmd ef/10:06:00:00:00:00 (SET FEATURES) succeeded
Sep 08 20:33:09 archlinux kernel: ata1.00: ACPI cmd f5/00:00:00:00:00:00 (SECURITY FREEZE LOCK) filtered out
Sep 08 20:33:09 archlinux kernel: ata1.00: ACPI cmd b1/c1:00:00:00:00:00 (DEVICE CONFIGURATION OVERLAY) filtered out
Sep 08 20:33:09 archlinux kernel: ata1.00: ATA-10: ST1000LM035-1RK172, SDM3, max UDMA/133
Sep 08 20:33:09 archlinux kernel: ata1.00: 1953525168 sectors, multi 16: LBA48 NCQ (depth 32), AA
Sep 08 20:33:09 archlinux kernel: ata1.00: ACPI cmd ef/10:06:00:00:00:00 (SET FEATURES) succeeded
Sep 08 20:33:09 archlinux kernel: ata1.00: ACPI cmd f5/00:00:00:00:00:00 (SECURITY FREEZE LOCK) filtered out
Sep 08 20:33:09 archlinux kernel: ata1.00: ACPI cmd b1/c1:00:00:00:00:00 (DEVICE CONFIGURATION OVERLAY) filtered out
Sep 08 20:33:09 archlinux kernel: ata1.00: configured for UDMA/133
Sep 08 20:33:09 archlinux kernel: scsi 0:0:0:0: Direct-Access     ATA      ST1000LM035-1RK1 SDM3 PQ: 0 ANSI: 5
Sep 08 20:33:09 archlinux kernel: sd 0:0:0:0: [sda] 1953525168 512-byte logical blocks: (1.00 TB/932 GiB)
Sep 08 20:33:09 archlinux kernel: sd 0:0:0:0: [sda] 4096-byte physical blocks
Sep 08 20:33:09 archlinux kernel: sd 0:0:0:0: [sda] Write Protect is off
Sep 08 20:33:09 archlinux kernel: sd 0:0:0:0: [sda] Mode Sense: 00 3a 00 00
Sep 08 20:33:09 archlinux kernel: sd 0:0:0:0: [sda] Write cache: enabled, read cache: enabled, doesn't support DPO or FUA
Sep 08 20:33:09 archlinux kernel:  sda: sda1 sda2 sda3 sda4 sda5 sda6 sda7
Sep 08 20:33:09 archlinux kernel: sd 0:0:0:0: [sda] Attached SCSI disk
Sep 08 20:33:09 archlinux kernel: ata2: SATA link up 1.5 Gbps (SStatus 113 SControl 300)
Sep 08 20:33:09 archlinux kernel: ata2.00: ATAPI: PLDS DVD+/-RW DU-8A5LH, 6D1M, max UDMA/133
Sep 08 20:33:09 archlinux kernel: ata2.00: configured for UDMA/133
Sep 08 20:33:09 archlinux kernel: scsi 1:0:0:0: CD-ROM            PLDS     DVD+-RW DU-8A5LH 6D1M PQ: 0 ANSI: 5
Sep 08 20:33:09 archlinux kernel: Freeing unused decrypted memory: 2040K
Sep 08 20:33:09 archlinux kernel: Freeing unused kernel image (initmem) memory: 1644K
Sep 08 20:33:09 archlinux kernel: Write protecting the kernel read-only data: 24576k
Sep 08 20:33:09 archlinux kernel: Freeing unused kernel image (text/rodata gap) memory: 2044K
Sep 08 20:33:09 archlinux kernel: Freeing unused kernel image (rodata/data gap) memory: 276K
Sep 08 20:33:09 archlinux kernel: tsc: Refined TSC clocksource calibration: 2304.000 MHz
Sep 08 20:33:09 archlinux kernel: clocksource: tsc: mask: 0xffffffffffffffff max_cycles: 0x2135f7c97c8, max_idle_ns: 440795273205 ns
Sep 08 20:33:09 archlinux kernel: clocksource: Switched to clocksource tsc
Sep 08 20:33:09 archlinux kernel: x86/mm: Checked W+X mappings: passed, no W+X pages found.
Sep 08 20:33:09 archlinux kernel: x86/mm: Checking user space page tables
Sep 08 20:33:09 archlinux kernel: x86/mm: Checked W+X mappings: passed, no W+X pages found.
Sep 08 20:33:09 archlinux kernel: Run /init as init process
Sep 08 20:33:09 archlinux kernel:   with arguments:
Sep 08 20:33:09 archlinux kernel:     /init
Sep 08 20:33:09 archlinux kernel:   with environment:
Sep 08 20:33:09 archlinux kernel:     HOME=/
Sep 08 20:33:09 archlinux kernel:     TERM=linux
Sep 08 20:33:09 archlinux kernel:     BOOT_IMAGE=/boot/vmlinuz-linux
Sep 08 20:33:09 archlinux kernel: fbcon: Taking over console
Sep 08 20:33:09 archlinux kernel: Console: switching to colour frame buffer device 240x67
Sep 08 20:33:09 archlinux kernel: i8042: PNP: PS/2 Controller [PNP0303:PS2K,PNP0f13:PS2M] at 0x60,0x64 irq 1,12
Sep 08 20:33:09 archlinux kernel: i8042: Warning: Keylock active
Sep 08 20:33:09 archlinux kernel: serio: i8042 KBD port at 0x60,0x64 irq 1
Sep 08 20:33:09 archlinux kernel: serio: i8042 AUX port at 0x60,0x64 irq 12
Sep 08 20:33:09 archlinux kernel: xhci_hcd 0000:00:14.0: xHCI Host Controller
Sep 08 20:33:09 archlinux kernel: xhci_hcd 0000:00:14.0: new USB bus registered, assigned bus number 1
Sep 08 20:33:09 archlinux kernel: xhci_hcd 0000:00:14.0: hcc params 0x200077c1 hci version 0x100 quirks 0x0000000081109810
Sep 08 20:33:09 archlinux kernel: xhci_hcd 0000:00:14.0: cache line size of 64 is not supported
Sep 08 20:33:09 archlinux kernel: usb usb1: New USB device found, idVendor=1d6b, idProduct=0002, bcdDevice= 5.08
Sep 08 20:33:09 archlinux kernel: usb usb1: New USB device strings: Mfr=3, Product=2, SerialNumber=1
Sep 08 20:33:09 archlinux kernel: usb usb1: Product: xHCI Host Controller
Sep 08 20:33:09 archlinux kernel: usb usb1: Manufacturer: Linux 5.8.7-arch1-1 xhci-hcd
Sep 08 20:33:09 archlinux kernel: usb usb1: SerialNumber: 0000:00:14.0
Sep 08 20:33:09 archlinux kernel: hub 1-0:1.0: USB hub found
Sep 08 20:33:09 archlinux kernel: hub 1-0:1.0: 12 ports detected
Sep 08 20:33:09 archlinux kernel: xhci_hcd 0000:00:14.0: xHCI Host Controller
Sep 08 20:33:09 archlinux kernel: xhci_hcd 0000:00:14.0: new USB bus registered, assigned bus number 2
Sep 08 20:33:09 archlinux kernel: xhci_hcd 0000:00:14.0: Host supports USB 3.0 SuperSpeed
Sep 08 20:33:09 archlinux kernel: usb usb2: New USB device found, idVendor=1d6b, idProduct=0003, bcdDevice= 5.08
Sep 08 20:33:09 archlinux kernel: usb usb2: New USB device strings: Mfr=3, Product=2, SerialNumber=1
Sep 08 20:33:09 archlinux kernel: usb usb2: Product: xHCI Host Controller
Sep 08 20:33:09 archlinux kernel: usb usb2: Manufacturer: Linux 5.8.7-arch1-1 xhci-hcd
Sep 08 20:33:09 archlinux kernel: usb usb2: SerialNumber: 0000:00:14.0
Sep 08 20:33:09 archlinux kernel: hub 2-0:1.0: USB hub found
Sep 08 20:33:09 archlinux kernel: hub 2-0:1.0: 6 ports detected
Sep 08 20:33:09 archlinux kernel: usb: port power management may be unreliable
Sep 08 20:33:09 archlinux kernel: input: AT Translated Set 2 keyboard as /devices/platform/i8042/serio0/input/input4
Sep 08 20:33:09 archlinux kernel: sr 1:0:0:0: [sr0] scsi3-mmc drive: 24x/24x writer cd/rw xa/form2 cdda tray
Sep 08 20:33:09 archlinux kernel: cdrom: Uniform CD-ROM driver Revision: 3.20
Sep 08 20:33:09 archlinux kernel: sr 1:0:0:0: Attached scsi CD-ROM sr0
Sep 08 20:33:09 archlinux kernel: usb 1-2: new full-speed USB device number 2 using xhci_hcd
Sep 08 20:33:09 archlinux kernel: usb 1-2: New USB device found, idVendor=062a, idProduct=4101, bcdDevice= 1.02
Sep 08 20:33:09 archlinux kernel: usb 1-2: New USB device strings: Mfr=1, Product=2, SerialNumber=0
Sep 08 20:33:09 archlinux kernel: usb 1-2: Product: 2.4G Keyboard Mouse
Sep 08 20:33:09 archlinux kernel: usb 1-2: Manufacturer: MOSART Semi.
Sep 08 20:33:09 archlinux kernel: hid: raw HID events driver (C) Jiri Kosina
Sep 08 20:33:09 archlinux kernel: usbcore: registered new interface driver usbhid
Sep 08 20:33:09 archlinux kernel: usbhid: USB HID core driver
Sep 08 20:33:09 archlinux kernel: input: MOSART Semi. 2.4G Keyboard Mouse as /devices/pci0000:00/0000:00:14.0/usb1/1-2/1-2:1.0/0003:062A:4101.0001/input/input6
Sep 08 20:33:09 archlinux kernel: random: fast init done
Sep 08 20:33:09 archlinux kernel: hid-generic 0003:062A:4101.0001: input,hidraw0: USB HID v1.10 Keyboard [MOSART Semi. 2.4G Keyboard Mouse] on usb-0000:00:14.0-2/input0
Sep 08 20:33:09 archlinux kernel: input: MOSART Semi. 2.4G Keyboard Mouse as /devices/pci0000:00/0000:00:14.0/usb1/1-2/1-2:1.1/0003:062A:4101.0002/input/input7
Sep 08 20:33:09 archlinux kernel: input: MOSART Semi. 2.4G Keyboard Mouse Consumer Control as /devices/pci0000:00/0000:00:14.0/usb1/1-2/1-2:1.1/0003:062A:4101.0002/input/input8
Sep 08 20:33:09 archlinux kernel: usb 1-5: new high-speed USB device number 3 using xhci_hcd
Sep 08 20:33:09 archlinux kernel: input: MOSART Semi. 2.4G Keyboard Mouse System Control as /devices/pci0000:00/0000:00:14.0/usb1/1-2/1-2:1.1/0003:062A:4101.0002/input/input9
Sep 08 20:33:09 archlinux kernel: input: MOSART Semi. 2.4G Keyboard Mouse as /devices/pci0000:00/0000:00:14.0/usb1/1-2/1-2:1.1/0003:062A:4101.0002/input/input10
Sep 08 20:33:09 archlinux kernel: hid-generic 0003:062A:4101.0002: input,hiddev0,hidraw1: USB HID v1.10 Mouse [MOSART Semi. 2.4G Keyboard Mouse] on usb-0000:00:14.0-2/input1
Sep 08 20:33:09 archlinux kernel: usb 1-5: New USB device found, idVendor=1bcf, idProduct=2b98, bcdDevice=83.30
Sep 08 20:33:09 archlinux kernel: usb 1-5: New USB device strings: Mfr=1, Product=2, SerialNumber=0
Sep 08 20:33:09 archlinux kernel: usb 1-5: Product: Integrated_Webcam_HD
Sep 08 20:33:09 archlinux kernel: usb 1-5: Manufacturer: CNFHH47O381420013A02
Sep 08 20:33:09 archlinux kernel: usb 1-6: new high-speed USB device number 4 using xhci_hcd
Sep 08 20:33:09 archlinux kernel: usb 1-6: New USB device found, idVendor=0bda, idProduct=0129, bcdDevice=39.60
Sep 08 20:33:09 archlinux kernel: usb 1-6: New USB device strings: Mfr=1, Product=2, SerialNumber=3
Sep 08 20:33:09 archlinux kernel: usb 1-6: Product: USB2.0-CRW
Sep 08 20:33:09 archlinux kernel: usb 1-6: Manufacturer: Generic
Sep 08 20:33:09 archlinux kernel: usb 1-6: SerialNumber: 20100201396000000
Sep 08 20:33:09 archlinux kernel: usbcore: registered new interface driver rtsx_usb
Sep 08 20:33:09 archlinux kernel: usb 1-7: new full-speed USB device number 5 using xhci_hcd
Sep 08 20:33:09 archlinux kernel: usb 1-7: New USB device found, idVendor=0cf3, idProduct=e009, bcdDevice= 0.01
Sep 08 20:33:09 archlinux kernel: usb 1-7: New USB device strings: Mfr=0, Product=0, SerialNumber=0
Sep 08 20:33:09 archlinux kernel: EXT4-fs (sda5): mounted filesystem with ordered data mode. Opts: (null)
Sep 08 20:33:09 archlinux kernel: random: crng init done
Sep 08 20:33:09 archlinux systemd[1]: systemd 246.4-1-arch running in system mode. (+PAM +AUDIT -SELINUX -IMA -APPARMOR +SMACK -SYSVINIT +UTMP +LIBCRYPTSETUP +GCRYPT +GNUTLS +ACL +XZ +LZ4 +ZSTD +SECCOMP +BLKID +ELFUTILS +KMOD +IDN2 -IDN +PCRE2 default-hierarchy=hybrid)
Sep 08 20:33:09 archlinux systemd[1]: Detected architecture x86-64.
Sep 08 20:33:09 archlinux systemd[1]: Queued start job for default target Graphical Interface.
Sep 08 20:33:09 archlinux systemd[1]: Created slice system-getty.slice.
Sep 08 20:33:09 archlinux systemd[1]: Created slice system-modprobe.slice.
Sep 08 20:33:09 archlinux systemd[1]: Created slice system-systemd\x2dfsck.slice.
Sep 08 20:33:09 archlinux systemd[1]: Created slice User and Session Slice.
Sep 08 20:33:09 archlinux systemd[1]: Started Dispatch Password Requests to Console Directory Watch.
Sep 08 20:33:09 archlinux systemd[1]: Started Forward Password Requests to Wall Directory Watch.
Sep 08 20:33:09 archlinux systemd[1]: Set up automount Arbitrary Executable File Formats File System Automount Point.
Sep 08 20:33:09 archlinux systemd[1]: Reached target Local Encrypted Volumes.
Sep 08 20:33:09 archlinux systemd[1]: Reached target Login Prompts.
Sep 08 20:33:09 archlinux systemd[1]: Reached target Paths.
Sep 08 20:33:09 archlinux systemd[1]: Reached target Remote File Systems.
Sep 08 20:33:09 archlinux systemd[1]: Reached target Slices.
Sep 08 20:33:09 archlinux systemd[1]: Listening on Device-mapper event daemon FIFOs.
Sep 08 20:33:09 archlinux systemd[1]: Listening on LVM2 metadata daemon socket.
Sep 08 20:33:09 archlinux systemd[1]: Listening on LVM2 poll daemon socket.
Sep 08 20:33:09 archlinux systemd[1]: Listening on Process Core Dump Socket.
Sep 08 20:33:09 archlinux systemd[1]: Listening on Journal Audit Socket.
Sep 08 20:33:09 archlinux systemd[1]: Listening on Journal Socket (/dev/log).
Sep 08 20:33:09 archlinux systemd[1]: Listening on Journal Socket.
Sep 08 20:33:09 archlinux systemd[1]: Listening on udev Control Socket.
Sep 08 20:33:09 archlinux systemd[1]: Listening on udev Kernel Socket.
Sep 08 20:33:09 archlinux systemd[1]: Mounting Huge Pages File System...
Sep 08 20:33:09 archlinux systemd[1]: Mounting POSIX Message Queue File System...
Sep 08 20:33:09 archlinux systemd[1]: Mounting Kernel Debug File System...
Sep 08 20:33:09 archlinux systemd[1]: Mounting Kernel Trace File System...
Sep 08 20:33:09 archlinux systemd[1]: Starting Create list of static device nodes for the current kernel...
Sep 08 20:33:09 archlinux systemd[1]: Starting Monitoring of LVM2 mirrors, snapshots etc. using dmeventd or progress polling...
Sep 08 20:33:09 archlinux systemd[1]: Starting Load Kernel Module drm...
Sep 08 20:33:09 archlinux systemd[1]: Condition check resulted in Set Up Additional Binary Formats being skipped.
Sep 08 20:33:09 archlinux systemd[1]: Condition check resulted in File System Check on Root Device being skipped.
Sep 08 20:33:09 archlinux systemd[1]: Starting Journal Service...
Sep 08 20:33:09 archlinux systemd[1]: Starting Load Kernel Modules...
Sep 08 20:33:09 archlinux systemd[1]: Starting Remount Root and Kernel File Systems...
Sep 08 20:33:09 archlinux systemd[1]: Condition check resulted in Repartition Root Disk being skipped.
Sep 08 20:33:09 archlinux systemd[1]: Starting Coldplug All udev Devices...
Sep 08 20:33:09 archlinux systemd[1]: Mounted Huge Pages File System.
Sep 08 20:33:09 archlinux systemd[1]: Mounted POSIX Message Queue File System.
Sep 08 20:33:09 archlinux systemd[1]: Mounted Kernel Debug File System.
Sep 08 20:33:09 archlinux systemd[1]: Mounted Kernel Trace File System.
Sep 08 20:33:09 archlinux kernel: EXT4-fs (sda5): re-mounted. Opts: (null)
Sep 08 20:33:09 archlinux systemd[1]: Finished Remount Root and Kernel File Systems.
Sep 08 20:33:09 archlinux systemd[1]: Condition check resulted in First Boot Wizard being skipped.
Sep 08 20:33:09 archlinux systemd[1]: Condition check resulted in Rebuild Hardware Database being skipped.
Sep 08 20:33:09 archlinux systemd[1]: Starting Load/Save Random Seed...
Sep 08 20:33:09 archlinux systemd[1]: Starting Create System Users...
Sep 08 20:33:09 archlinux systemd[1]: Finished Create list of static device nodes for the current kernel.
Sep 08 20:33:09 archlinux systemd[1]: Finished Coldplug All udev Devices.
Sep 08 20:33:09 archlinux systemd[1]: Finished Load Kernel Modules.
Sep 08 20:33:09 archlinux systemd[1]: Condition check resulted in FUSE Control File System being skipped.
Sep 08 20:33:09 archlinux systemd[1]: Mounting Kernel Configuration File System...
Sep 08 20:33:09 archlinux systemd[1]: Starting Apply Kernel Variables...
Sep 08 20:33:09 archlinux systemd[1]: Mounted Kernel Configuration File System.
Sep 08 20:33:09 archlinux systemd[1]: Finished Apply Kernel Variables.
Sep 08 20:33:09 archlinux kernel: Linux agpgart interface v0.103
Sep 08 20:33:09 archlinux systemd[1]: modprobe@drm.service: Succeeded.
Sep 08 20:33:09 archlinux systemd[1]: Finished Load Kernel Module drm.
Sep 08 20:33:09 archlinux kernel: audit: type=1130 audit(1599586389.477:2): pid=1 uid=0 auid=4294967295 ses=4294967295 msg='unit=modprobe@drm comm="systemd" exe="/usr/lib/systemd/systemd" hostname=? addr=? terminal=? res=success'
Sep 08 20:33:09 archlinux kernel: audit: type=1131 audit(1599586389.477:3): pid=1 uid=0 auid=4294967295 ses=4294967295 msg='unit=modprobe@drm comm="systemd" exe="/usr/lib/systemd/systemd" hostname=? addr=? terminal=? res=success'
Sep 08 20:33:09 archlinux systemd-journald[213]: Journal started
Sep 08 20:33:09 archlinux systemd-journald[213]: Runtime Journal (/run/log/journal/cecb86a9492f477ca077b1ea752c2113) is 8.0M, max 191.6M, 183.6M free.
Sep 08 20:33:09 archlinux audit[1]: SERVICE_START pid=1 uid=0 auid=4294967295 ses=4294967295 msg='unit=modprobe@drm comm="systemd" exe="/usr/lib/systemd/systemd" hostname=? addr=? terminal=? res=success'
Sep 08 20:33:09 archlinux audit[1]: SERVICE_STOP pid=1 uid=0 auid=4294967295 ses=4294967295 msg='unit=modprobe@drm comm="systemd" exe="/usr/lib/systemd/systemd" hostname=? addr=? terminal=? res=success'
Sep 08 20:33:09 archlinux systemd-modules-load[214]: Inserted module 'crypto_user'
Sep 08 20:33:09 archlinux audit[1]: SERVICE_START pid=1 uid=0 auid=4294967295 ses=4294967295 msg='unit=systemd-journald comm="systemd" exe="/usr/lib/systemd/systemd" hostname=? addr=? terminal=? res=success'
Sep 08 20:33:09 archlinux systemd-sysctl[222]: Not setting net/ipv4/conf/all/rp_filter (explicit setting exists).
Sep 08 20:33:09 archlinux systemd-sysctl[222]: Not setting net/ipv4/conf/default/rp_filter (explicit setting exists).
Sep 08 20:33:09 archlinux systemd-sysctl[222]: Not setting net/ipv4/conf/all/accept_source_route (explicit setting exists).
Sep 08 20:33:09 archlinux systemd-sysctl[222]: Not setting net/ipv4/conf/default/accept_source_route (explicit setting exists).
Sep 08 20:33:09 archlinux systemd-sysctl[222]: Not setting net/ipv4/conf/all/promote_secondaries (explicit setting exists).
Sep 08 20:33:09 archlinux systemd-sysctl[222]: Not setting net/ipv4/conf/default/promote_secondaries (explicit setting exists).
Sep 08 20:33:09 archlinux systemd[1]: Started Journal Service.
Sep 08 20:33:09 archlinux kernel: audit: type=1130 audit(1599586389.541:4): pid=1 uid=0 auid=4294967295 ses=4294967295 msg='unit=systemd-journald comm="systemd" exe="/usr/lib/systemd/systemd" hostname=? addr=? terminal=? res=success'
Sep 08 20:33:09 archlinux systemd[1]: Starting Flush Journal to Persistent Storage...
Sep 08 20:33:09 archlinux systemd-journald[213]: Time spent on flushing to /var/log/journal/cecb86a9492f477ca077b1ea752c2113 is 9.276348s for 821 entries.
Sep 08 20:33:09 archlinux systemd-journald[213]: System Journal (/var/log/journal/cecb86a9492f477ca077b1ea752c2113) is 176.0M, max 4.0G, 3.8G free.
Sep 08 20:33:21 archlinux kernel: audit: type=1130 audit(1599586389.791:5): pid=1 uid=0 auid=4294967295 ses=4294967295 msg='unit=systemd-sysusers comm="systemd" exe="/usr/lib/systemd/systemd" hostname=? addr=? terminal=? res=success'
Sep 08 20:33:21 archlinux kernel: audit: type=1130 audit(1599586390.057:6): pid=1 uid=0 auid=4294967295 ses=4294967295 msg='unit=systemd-random-seed comm="systemd" exe="/usr/lib/systemd/systemd" hostname=? addr=? terminal=? res=success'
Sep 08 20:33:21 archlinux kernel: audit: type=1130 audit(1599586390.591:7): pid=1 uid=0 auid=4294967295 ses=4294967295 msg='unit=systemd-tmpfiles-setup-dev comm="systemd" exe="/usr/lib/systemd/systemd" hostname=? addr=? terminal=? res=success'
Sep 08 20:33:21 archlinux kernel: audit: type=1334 audit(1599586390.594:8): prog-id=5 op=LOAD
Sep 08 20:33:21 archlinux kernel: audit: type=1334 audit(1599586390.594:9): prog-id=6 op=LOAD
Sep 08 20:33:21 archlinux kernel: audit: type=1130 audit(1599586392.337:10): pid=1 uid=0 auid=4294967295 ses=4294967295 msg='unit=systemd-udevd comm="systemd" exe="/usr/lib/systemd/systemd" hostname=? addr=? terminal=? res=success'
Sep 08 20:33:21 archlinux kernel: audit: type=1130 audit(1599586392.341:11): pid=1 uid=0 auid=4294967295 ses=4294967295 msg='unit=lvm2-lvmetad comm="systemd" exe="/usr/lib/systemd/systemd" hostname=? addr=? terminal=? res=success'
Sep 08 20:33:21 archlinux kernel: ACPI: AC Adapter [AC] (off-line)
Sep 08 20:33:21 archlinux kernel: battery: ACPI: Battery Slot [BAT0] (battery present)
Sep 08 20:33:21 archlinux kernel: i801_smbus 0000:00:1f.4: SPD Write Disable is set
Sep 08 20:33:21 archlinux kernel: i801_smbus 0000:00:1f.4: SMBus using PCI interrupt
Sep 08 20:33:21 archlinux kernel: ACPI Warning: \_SB.IETM._TRT: Return Package has no elements (empty) (20200528/nsprepkg-94)
Sep 08 20:33:21 archlinux kernel: i2c i2c-0: 1/2 memory slots populated (from DMI)
Sep 08 20:33:21 archlinux kernel: input: Intel HID events as /devices/platform/INT33D5:00/input/input11
Sep 08 20:33:21 archlinux kernel: intel-hid INT33D5:00: platform supports 5 button array
Sep 08 20:33:21 archlinux kernel: input: Intel HID 5 button array as /devices/platform/INT33D5:00/input/input12
Sep 08 20:33:21 archlinux kernel: proc_thermal 0000:00:04.0: enabling device (0000 -> 0002)
Sep 08 20:33:21 archlinux kernel: ACPI Error: No pointer back to namespace node in package 00000000b3521726 (20200528/dsargs-301)
Sep 08 20:33:21 archlinux kernel: ACPI Error: Aborting method \_SB.PCI0.B0D4.PPCC due to previous error (AE_AML_INTERNAL) (20200528/psparse-529)
Sep 08 20:33:21 archlinux kernel: mei_me 0000:00:16.0: enabling device (0004 -> 0006)
Sep 08 20:33:21 archlinux kernel: intel-lpss 0000:00:15.0: enabling device (0000 -> 0002)
Sep 08 20:33:21 archlinux kernel: idma64 idma64.0: Found Intel integrated DMA 64-bit
Sep 08 20:33:21 archlinux kernel: i2c_hid i2c-DELL08D0:00: supply vdd not found, using dummy regulator
Sep 08 20:33:21 archlinux kernel: i2c_hid i2c-DELL08D0:00: supply vddl not found, using dummy regulator
Sep 08 20:33:21 archlinux kernel: wmi_bus wmi_bus-PNP0C14:00: WQBC data block query control method not found
Sep 08 20:33:21 archlinux kernel: snd_hda_intel 0000:00:1f.3: DSP detected with PCI class/subclass/prog-if info 0x040380
Sep 08 20:33:21 archlinux kernel: snd_hda_intel 0000:00:1f.3: enabling device (0000 -> 0002)
Sep 08 20:33:21 archlinux kernel: input: DELL08D0:00 04F3:30C4 Mouse as /devices/pci0000:00/0000:00:15.0/i2c_designware.0/i2c-1/i2c-DELL08D0:00/0018:04F3:30C4.0003/input/input13
Sep 08 20:33:21 archlinux kernel: input: DELL08D0:00 04F3:30C4 Touchpad as /devices/pci0000:00/0000:00:15.0/i2c_designware.0/i2c-1/i2c-DELL08D0:00/0018:04F3:30C4.0003/input/input14
Sep 08 20:33:21 archlinux kernel: hid-generic 0018:04F3:30C4.0003: input,hidraw2: I2C HID v1.00 Mouse [DELL08D0:00 04F3:30C4] on i2c-DELL08D0:00
Sep 08 20:33:21 archlinux kernel: checking generic (b0000000 7f0000) vs hw (d1000000 1000000)
Sep 08 20:33:21 archlinux kernel: checking generic (b0000000 7f0000) vs hw (b0000000 10000000)
Sep 08 20:33:21 archlinux kernel: fb0: switching to inteldrmfb from EFI VGA
Sep 08 20:33:21 archlinux kernel: Console: switching to colour dummy device 80x25
Sep 08 20:33:21 archlinux kernel: i915 0000:00:02.0: vgaarb: deactivate vga console
Sep 08 20:33:21 archlinux kernel: [drm] Supports vblank timestamp caching Rev 2 (21.10.2013).
Sep 08 20:33:21 archlinux kernel: i915 0000:00:02.0: vgaarb: changed VGA decodes: olddecodes=io+mem,decodes=io+mem:owns=io+mem
Sep 08 20:33:21 archlinux kernel: input: PC Speaker as /devices/platform/pcspkr/input/input16
Sep 08 20:33:21 archlinux kernel: cfg80211: Loading compiled-in X.509 certificates for regulatory database
Sep 08 20:33:21 archlinux kernel: cfg80211: Loaded X.509 cert 'sforshee: 00b28ddf47aef9cea7'
Sep 08 20:33:21 archlinux kernel: platform regulatory.0: Direct firmware load for regulatory.db failed with error -2
Sep 08 20:33:21 archlinux kernel: cfg80211: failed to load regulatory.db
Sep 08 20:33:21 archlinux kernel: i915 0000:00:02.0: [drm] Finished loading DMC firmware i915/kbl_dmc_ver1_04.bin (v1.4)
Sep 08 20:33:21 archlinux kernel: Bluetooth: Core ver 2.22
Sep 08 20:33:21 archlinux kernel: NET: Registered protocol family 31
Sep 08 20:33:21 archlinux kernel: Bluetooth: HCI device and connection manager initialized
Sep 08 20:33:21 archlinux kernel: Bluetooth: HCI socket layer initialized
Sep 08 20:33:21 archlinux kernel: Bluetooth: L2CAP socket layer initialized
Sep 08 20:33:21 archlinux kernel: Bluetooth: SCO socket layer initialized
Sep 08 20:33:21 archlinux kernel: libphy: r8169: probed
Sep 08 20:33:21 archlinux kernel: r8169 0000:02:00.0 eth0: RTL8106e, 3c:2c:30:e6:5d:4f, XID 449, IRQ 129
Sep 08 20:33:21 archlinux kernel: RAPL PMU: API unit is 2^-32 Joules, 5 fixed counters, 655360 ms ovfl timer
Sep 08 20:33:21 archlinux kernel: RAPL PMU: hw unit of domain pp0-core 2^-14 Joules
Sep 08 20:33:21 archlinux kernel: RAPL PMU: hw unit of domain package 2^-14 Joules
Sep 08 20:33:21 archlinux kernel: RAPL PMU: hw unit of domain dram 2^-14 Joules
Sep 08 20:33:21 archlinux kernel: RAPL PMU: hw unit of domain pp1-gpu 2^-14 Joules
Sep 08 20:33:21 archlinux kernel: RAPL PMU: hw unit of domain psys 2^-14 Joules
Sep 08 20:33:21 archlinux kernel: dcdbas dcdbas: Dell Systems Management Base Driver (version 5.6.0-3.4)
Sep 08 20:33:21 archlinux kernel: cryptd: max_cpu_qlen set to 1000
Sep 08 20:33:21 archlinux kernel: usbcore: registered new interface driver btusb
Sep 08 20:33:21 archlinux kernel: AVX2 version of gcm_enc/dec engaged.
Sep 08 20:33:21 archlinux kernel: AES CTR mode by8 optimization enabled
Sep 08 20:33:21 archlinux kernel: mousedev: PS/2 mouse device common for all mice
Sep 08 20:33:21 archlinux kernel: iTCO_vendor_support: vendor-support=0
Sep 08 20:33:21 archlinux kernel: [drm] radeon kernel modesetting enabled.
Sep 08 20:33:21 archlinux kernel: vga_switcheroo: detected switching method \_SB_.PCI0.GFX0.ATPX handle
Sep 08 20:33:21 archlinux kernel: intel_rapl_common: Found RAPL domain package
Sep 08 20:33:21 archlinux kernel: intel_rapl_common: Found RAPL domain core
Sep 08 20:33:21 archlinux kernel: intel_rapl_common: Found RAPL domain uncore
Sep 08 20:33:21 archlinux kernel: intel_rapl_common: Found RAPL domain dram
Sep 08 20:33:21 archlinux kernel: iTCO_wdt: Intel TCO WatchDog Timer Driver v1.11
Sep 08 20:33:21 archlinux kernel: iTCO_wdt: Found a Intel PCH TCO device (Version=4, TCOBASE=0x0400)
Sep 08 20:33:21 archlinux kernel: iTCO_wdt: initialized. heartbeat=30 sec (nowayout=0)
Sep 08 20:33:21 archlinux kernel: mei_hdcp 0000:00:16.0-b638ab7e-94e2-4ea2-a552-d1c54b627f04: bound 0000:00:02.0 (ops i915_hdcp_component_ops [i915])
Sep 08 20:33:21 archlinux kernel: ATPX version 1, functions 0x00000033
Sep 08 20:33:21 archlinux kernel: ATPX Hybrid Graphics
Sep 08 20:33:21 archlinux kernel: radeon 0000:01:00.0: enabling device (0000 -> 0003)
Sep 08 20:33:21 archlinux kernel: [drm] initializing kernel modesetting (HAINAN 0x1002:0x6665 0x1028:0x08D0 0xC3).
Sep 08 20:33:21 archlinux kernel: mc: Linux media interface: v0.10
Sep 08 20:33:21 archlinux kernel: psmouse serio1: elantech: assuming hardware version 4 (with firmware version 0x4f1001)
Sep 08 20:33:21 archlinux kernel: psmouse serio1: elantech: elantech_send_cmd query 0x02 failed.
Sep 08 20:33:21 archlinux kernel: psmouse serio1: elantech: failed to query capabilities.
Sep 08 20:33:21 archlinux kernel: ath10k_pci 0000:03:00.0: enabling device (0000 -> 0002)
Sep 08 20:33:21 archlinux kernel: ath10k_pci 0000:03:00.0: pci irq msi oper_irq_mode 2 irq_mode 0 reset_mode 0
Sep 08 20:33:21 archlinux kernel: videodev: Linux video capture interface: v2.00
Sep 08 20:33:21 archlinux kernel: ATOM BIOS: Dell
Sep 08 20:33:21 archlinux kernel: [drm] GPU not posted. posting now...
Sep 08 20:33:21 archlinux kernel: radeon 0000:01:00.0: VRAM: 2048M 0x0000000000000000 - 0x000000007FFFFFFF (2048M used)
Sep 08 20:33:21 archlinux kernel: radeon 0000:01:00.0: GTT: 2048M 0x0000000080000000 - 0x00000000FFFFFFFF
Sep 08 20:33:21 archlinux kernel: [drm] Detected VRAM RAM=2048M, BAR=256M
Sep 08 20:33:21 archlinux kernel: [drm] RAM width 64bits DDR
Sep 08 20:33:21 archlinux kernel: [TTM] Zone  kernel: Available graphics memory: 1962422 KiB
Sep 08 20:33:21 archlinux kernel: [TTM] Initializing pool allocator
Sep 08 20:33:21 archlinux kernel: [TTM] Initializing DMA pool allocator
Sep 08 20:33:21 archlinux kernel: [drm] radeon: 2048M of VRAM memory ready
Sep 08 20:33:21 archlinux kernel: [drm] radeon: 2048M of GTT memory ready.
Sep 08 20:33:21 archlinux kernel: [drm] Loading hainan Microcode
Sep 08 20:33:21 archlinux kernel: input: Dell WMI hotkeys as /devices/platform/PNP0C14:00/wmi_bus/wmi_bus-PNP0C14:00/9DBB5994-A997-11DA-B012-B622A1EF5492/input/input18
Sep 08 20:33:21 archlinux kernel: uvcvideo: Found UVC 1.00 device Integrated_Webcam_HD (1bcf:2b98)
Sep 08 20:33:21 archlinux kernel: r8169 0000:02:00.0 enp2s0: renamed from eth0
Sep 08 20:33:21 archlinux kernel: uvcvideo 1-5:1.0: Entity type for entity Extension 4 was not initialized!
Sep 08 20:33:21 archlinux kernel: uvcvideo 1-5:1.0: Entity type for entity Extension 3 was not initialized!
Sep 08 20:33:21 archlinux kernel: uvcvideo 1-5:1.0: Entity type for entity Processing 2 was not initialized!
Sep 08 20:33:21 archlinux kernel: uvcvideo 1-5:1.0: Entity type for entity Camera 1 was not initialized!
Sep 08 20:33:21 archlinux kernel: input: Integrated_Webcam_HD: Integrate as /devices/pci0000:00/0000:00:14.0/usb1/1-5/1-5:1.0/input/input19
Sep 08 20:33:21 archlinux kernel: usbcore: registered new interface driver uvcvideo
Sep 08 20:33:21 archlinux kernel: USB Video Class driver (1.1.1)
Sep 08 20:33:21 archlinux kernel: ath10k_pci 0000:03:00.0: qca9377 hw1.1 target 0x05020001 chip_id 0x003821ff sub 1028:1810
Sep 08 20:33:21 archlinux kernel: ath10k_pci 0000:03:00.0: kconfig debug 1 debugfs 1 tracing 1 dfs 0 testmode 0
Sep 08 20:33:21 archlinux kernel: ath10k_pci 0000:03:00.0: firmware ver WLAN.TF.2.1-00021-QCARMSWP-1 api 6 features wowlan,ignore-otp crc32 42e41877
Sep 08 20:33:21 archlinux kernel: input: DELL08D0:00 04F3:30C4 Mouse as /devices/pci0000:00/0000:00:15.0/i2c_designware.0/i2c-1/i2c-DELL08D0:00/0018:04F3:30C4.0003/input/input20
Sep 08 20:33:21 archlinux kernel: input: DELL08D0:00 04F3:30C4 Touchpad as /devices/pci0000:00/0000:00:15.0/i2c_designware.0/i2c-1/i2c-DELL08D0:00/0018:04F3:30C4.0003/input/input21
Sep 08 20:33:21 archlinux kernel: hid-multitouch 0018:04F3:30C4.0003: input,hidraw2: I2C HID v1.00 Mouse [DELL08D0:00 04F3:30C4] on i2c-DELL08D0:00
Sep 08 20:33:21 archlinux kernel: [drm] Internal thermal controller without fan control
Sep 08 20:33:21 archlinux kernel: [drm] radeon: dpm initialized
Sep 08 20:33:21 archlinux kernel: [drm] GART: num cpu pages 524288, num gpu pages 524288
Sep 08 20:33:21 archlinux kernel: [drm] PCIE gen 3 link speeds already enabled
Sep 08 20:33:21 archlinux kernel: ath10k_pci 0000:03:00.0: board_file api 2 bmi_id N/A crc32 8aedfa4a
Sep 08 20:33:21 archlinux kernel: [drm] PCIE GART of 2048M enabled (table at 0x0000000000040000).
Sep 08 20:33:21 archlinux kernel: radeon 0000:01:00.0: WB enabled
Sep 08 20:33:21 archlinux kernel: radeon 0000:01:00.0: fence driver on ring 0 use gpu addr 0x0000000080000c00 and cpu addr 0x000000000dbba9a4
Sep 08 20:33:21 archlinux kernel: radeon 0000:01:00.0: fence driver on ring 1 use gpu addr 0x0000000080000c04 and cpu addr 0x00000000c3e74917
Sep 08 20:33:21 archlinux kernel: radeon 0000:01:00.0: fence driver on ring 2 use gpu addr 0x0000000080000c08 and cpu addr 0x00000000f8d878ba
Sep 08 20:33:21 archlinux kernel: radeon 0000:01:00.0: fence driver on ring 3 use gpu addr 0x0000000080000c0c and cpu addr 0x00000000f2797246
Sep 08 20:33:21 archlinux kernel: radeon 0000:01:00.0: fence driver on ring 4 use gpu addr 0x0000000080000c10 and cpu addr 0x00000000cff49ee0
Sep 08 20:33:21 archlinux kernel: [drm] Supports vblank timestamp caching Rev 2 (21.10.2013).
Sep 08 20:33:21 archlinux kernel: radeon 0000:01:00.0: radeon: MSI limited to 32-bit
Sep 08 20:33:21 archlinux kernel: radeon 0000:01:00.0: radeon: using MSI.
Sep 08 20:33:21 archlinux kernel: [drm] radeon: irq initialized.
Sep 08 20:33:21 archlinux kernel: ath10k_pci 0000:03:00.0: htt-ver 3.56 wmi-op 4 htt-op 3 cal otp max-sta 32 raw 0 hwcrypto 1
Sep 08 20:33:21 archlinux kernel: ath: EEPROM regdomain: 0x6c
Sep 08 20:33:21 archlinux kernel: ath: EEPROM indicates we should expect a direct regpair map
Sep 08 20:33:21 archlinux kernel: ath: Country alpha2 being used: 00
Sep 08 20:33:21 archlinux kernel: ath: Regpair used: 0x6c
Sep 08 20:33:21 archlinux kernel: [drm] ring test on 0 succeeded in 1 usecs
Sep 08 20:33:21 archlinux kernel: [drm] ring test on 1 succeeded in 1 usecs
Sep 08 20:33:21 archlinux kernel: [drm] ring test on 2 succeeded in 1 usecs
Sep 08 20:33:21 archlinux kernel: [drm] ring test on 3 succeeded in 4 usecs
Sep 08 20:33:21 archlinux kernel: [drm] ring test on 4 succeeded in 3 usecs
Sep 08 20:33:21 archlinux kernel: [drm] ib test on ring 0 succeeded in 0 usecs
Sep 08 20:33:21 archlinux kernel: [drm] ib test on ring 1 succeeded in 0 usecs
Sep 08 20:33:21 archlinux kernel: [drm] ib test on ring 2 succeeded in 0 usecs
Sep 08 20:33:21 archlinux kernel: [drm] ib test on ring 3 succeeded in 0 usecs
Sep 08 20:33:21 archlinux kernel: [drm] ib test on ring 4 succeeded in 0 usecs
Sep 08 20:33:21 archlinux kernel: [drm] Radeon Display Connectors
Sep 08 20:33:21 archlinux kernel: psmouse serio1: Failed to enable mouse on isa0060/serio1
Sep 08 20:33:21 archlinux kernel: [drm] Initialized radeon 2.50.0 20080528 for 0000:01:00.0 on minor 1
Sep 08 20:33:21 archlinux kernel: [drm] Initialized i915 1.6.0 20200515 for 0000:00:02.0 on minor 0
Sep 08 20:33:21 archlinux kernel: ath10k_pci 0000:03:00.0 wlp3s0: renamed from wlan0
Sep 08 20:33:21 archlinux kernel: ACPI: Video Device [GFX0] (multi-head: yes  rom: no  post: no)
Sep 08 20:33:21 archlinux kernel: input: Video Bus as /devices/LNXSYSTM:00/LNXSYBUS:00/PNP0A08:00/LNXVIDEO:00/input/input23
Sep 08 20:33:21 archlinux kernel: snd_hda_intel 0000:00:1f.3: bound 0000:00:02.0 (ops i915_audio_component_bind_ops [i915])
Sep 08 20:33:21 archlinux kernel: vga_switcheroo: enabled
Sep 08 20:33:21 archlinux kernel: Adding 4194300k swap on /dev/sda6.  Priority:-2 extents:1 across:4194300k FS
Sep 08 20:33:21 archlinux kernel: snd_hda_codec_realtek hdaudioC0D0: autoconfig for ALC3246: line_outs=1 (0x14/0x0/0x0/0x0/0x0) type:speaker
Sep 08 20:33:21 archlinux kernel: snd_hda_codec_realtek hdaudioC0D0:    speaker_outs=0 (0x0/0x0/0x0/0x0/0x0)
Sep 08 20:33:21 archlinux kernel: snd_hda_codec_realtek hdaudioC0D0:    hp_outs=1 (0x21/0x0/0x0/0x0/0x0)
Sep 08 20:33:21 archlinux kernel: snd_hda_codec_realtek hdaudioC0D0:    mono: mono_out=0x0
Sep 08 20:33:21 archlinux kernel: snd_hda_codec_realtek hdaudioC0D0:    inputs:
Sep 08 20:33:21 archlinux kernel: snd_hda_codec_realtek hdaudioC0D0:      Headset Mic=0x19
Sep 08 20:33:21 archlinux kernel: snd_hda_codec_realtek hdaudioC0D0:      Headphone Mic=0x1a
Sep 08 20:33:21 archlinux kernel: snd_hda_codec_realtek hdaudioC0D0:      Internal Mic=0x12
Sep 08 20:33:21 archlinux kernel: fbcon: i915drmfb (fb0) is primary device
Sep 08 20:33:21 archlinux kernel: Console: switching to colour frame buffer device 240x67
Sep 08 20:33:21 archlinux kernel: input: HDA Digital PCBeep as /devices/pci0000:00/0000:00:1f.3/sound/card0/input24
Sep 08 20:33:21 archlinux kernel: input: HDA Intel PCH Headphone Mic as /devices/pci0000:00/0000:00:1f.3/sound/card0/input25
Sep 08 20:33:21 archlinux kernel: input: HDA Intel PCH HDMI/DP,pcm=3 as /devices/pci0000:00/0000:00:1f.3/sound/card0/input26
Sep 08 20:33:21 archlinux kernel: input: HDA Intel PCH HDMI/DP,pcm=7 as /devices/pci0000:00/0000:00:1f.3/sound/card0/input27
Sep 08 20:33:21 archlinux kernel: input: HDA Intel PCH HDMI/DP,pcm=8 as /devices/pci0000:00/0000:00:1f.3/sound/card0/input28
Sep 08 20:33:21 archlinux kernel: input: HDA Intel PCH HDMI/DP,pcm=9 as /devices/pci0000:00/0000:00:1f.3/sound/card0/input29
Sep 08 20:33:21 archlinux kernel: input: HDA Intel PCH HDMI/DP,pcm=10 as /devices/pci0000:00/0000:00:1f.3/sound/card0/input30
Sep 08 20:33:21 archlinux kernel: i915 0000:00:02.0: fb0: i915drmfb frame buffer device
Sep 08 20:33:21 archlinux kernel: audit: type=1130 audit(1599586396.507:12): pid=1 uid=0 auid=4294967295 ses=4294967295 msg='unit=systemd-rfkill comm="systemd" exe="/usr/lib/systemd/systemd" hostname=? addr=? terminal=? res=success'
Sep 08 20:33:21 archlinux kernel: input: ImPS/2 Logitech Wheel Mouse as /devices/platform/i8042/serio1/input/input17
Sep 08 20:33:21 archlinux kernel: audit: type=1130 audit(1599586396.751:13): pid=1 uid=0 auid=4294967295 ses=4294967295 msg='unit=lvm2-monitor comm="systemd" exe="/usr/lib/systemd/systemd" hostname=? addr=? terminal=? res=success'
Sep 08 20:33:21 archlinux kernel: audit: type=1130 audit(1599586396.864:14): pid=1 uid=0 auid=4294967295 ses=4294967295 msg='unit=systemd-backlight@backlight:intel_backlight comm="systemd" exe="/usr/lib/systemd/systemd" hostname=? addr=? terminal=? res=success'
Sep 08 20:33:21 archlinux kernel: [drm] amdgpu kernel modesetting enabled.
Sep 08 20:33:21 archlinux kernel: vga_switcheroo: detected switching method \_SB_.PCI0.GFX0.ATPX handle
Sep 08 20:33:21 archlinux kernel: ATPX version 1, functions 0x00000033
Sep 08 20:33:21 archlinux kernel: ATPX Hybrid Graphics
Sep 08 20:33:21 archlinux kernel: CRAT table not found
Sep 08 20:33:21 archlinux kernel: Virtual CRAT table created for CPU
Sep 08 20:33:21 archlinux kernel: amdgpu: Topology: Add CPU node
Sep 08 20:33:21 archlinux kernel: audit: type=1130 audit(1599586398.414:15): pid=1 uid=0 auid=4294967295 ses=4294967295 msg='unit=systemd-fsck@dev-disk-by\x2duuid-9623\x2d82B5 comm="systemd" exe="/usr/lib/systemd/systemd" hostname=? addr=? terminal=? res=success'
Sep 08 20:33:21 archlinux kernel: audit: type=1130 audit(1599586399.317:16): pid=1 uid=0 auid=4294967295 ses=4294967295 msg='unit=systemd-fsck@dev-disk-by\x2duuid-15ffa1ff\x2dd2b8\x2d4b99\x2dabc2\x2dfa86fe25d030 comm="systemd" exe="/usr/lib/systemd/systemd" hostname=? addr=? terminal=? res=success'
Sep 08 20:33:21 archlinux kernel: EXT4-fs (sda7): mounted filesystem with ordered data mode. Opts: (null)
Sep 08 20:33:21 archlinux kernel: audit: type=1131 audit(1599586401.627:17): pid=1 uid=0 auid=4294967295 ses=4294967295 msg='unit=systemd-rfkill comm="systemd" exe="/usr/lib/systemd/systemd" hostname=? addr=? terminal=? res=success'
Sep 08 20:33:09 archlinux audit[1]: SERVICE_START pid=1 uid=0 auid=4294967295 ses=4294967295 msg='unit=systemd-sysusers comm="systemd" exe="/usr/lib/systemd/systemd" hostname=? addr=? terminal=? res=success'
Sep 08 20:33:10 archlinux audit[1]: SERVICE_START pid=1 uid=0 auid=4294967295 ses=4294967295 msg='unit=systemd-random-seed comm="systemd" exe="/usr/lib/systemd/systemd" hostname=? addr=? terminal=? res=success'
Sep 08 20:33:10 archlinux audit[1]: SERVICE_START pid=1 uid=0 auid=4294967295 ses=4294967295 msg='unit=systemd-tmpfiles-setup-dev comm="systemd" exe="/usr/lib/systemd/systemd" hostname=? addr=? terminal=? res=success'
Sep 08 20:33:10 archlinux audit: BPF prog-id=5 op=LOAD
Sep 08 20:33:10 archlinux audit: BPF prog-id=6 op=LOAD
Sep 08 20:33:12 archlinux audit[1]: SERVICE_START pid=1 uid=0 auid=4294967295 ses=4294967295 msg='unit=systemd-udevd comm="systemd" exe="/usr/lib/systemd/systemd" hostname=? addr=? terminal=? res=success'
Sep 08 20:33:12 archlinux audit[1]: SERVICE_START pid=1 uid=0 auid=4294967295 ses=4294967295 msg='unit=lvm2-lvmetad comm="systemd" exe="/usr/lib/systemd/systemd" hostname=? addr=? terminal=? res=success'
Sep 08 20:33:16 archlinux audit[1]: SERVICE_START pid=1 uid=0 auid=4294967295 ses=4294967295 msg='unit=systemd-rfkill comm="systemd" exe="/usr/lib/systemd/systemd" hostname=? addr=? terminal=? res=success'
Sep 08 20:33:16 archlinux audit[1]: SERVICE_START pid=1 uid=0 auid=4294967295 ses=4294967295 msg='unit=lvm2-monitor comm="systemd" exe="/usr/lib/systemd/systemd" hostname=? addr=? terminal=? res=success'
Sep 08 20:33:16 archlinux audit[1]: SERVICE_START pid=1 uid=0 auid=4294967295 ses=4294967295 msg='unit=systemd-backlight@backlight:intel_backlight comm="systemd" exe="/usr/lib/systemd/systemd" hostname=? addr=? terminal=? res=success'
Sep 08 20:33:18 archlinux audit[1]: SERVICE_START pid=1 uid=0 auid=4294967295 ses=4294967295 msg='unit=systemd-fsck@dev-disk-by\x2duuid-9623\x2d82B5 comm="systemd" exe="/usr/lib/systemd/systemd" hostname=? addr=? terminal=? res=success'
Sep 08 20:33:19 archlinux audit[1]: SERVICE_START pid=1 uid=0 auid=4294967295 ses=4294967295 msg='unit=systemd-fsck@dev-disk-by\x2duuid-15ffa1ff\x2dd2b8\x2d4b99\x2dabc2\x2dfa86fe25d030 comm="systemd" exe="/usr/lib/systemd/systemd" hostname=? addr=? terminal=? res=success'
Sep 08 20:33:21 archlinux audit[1]: SERVICE_STOP pid=1 uid=0 auid=4294967295 ses=4294967295 msg='unit=systemd-rfkill comm="systemd" exe="/usr/lib/systemd/systemd" hostname=? addr=? terminal=? res=success'
Sep 08 20:33:09 archlinux systemd[1]: Finished Create System Users.
Sep 08 20:33:14 archlinux mtp-probe[259]: checking bus 1, device 2: "/sys/devices/pci0000:00/0000:00:14.0/usb1/1-2"
Sep 08 20:33:09 archlinux systemd[1]: Starting Create Static Device Nodes in /dev...
Sep 08 20:33:14 archlinux mtp-probe[259]: bus: 1, device: 2 was not an MTP device
Sep 08 20:33:10 archlinux systemd[1]: Finished Load/Save Random Seed.
Sep 08 20:33:14 archlinux mtp-probe[260]: checking bus 1, device 4: "/sys/devices/pci0000:00/0000:00:14.0/usb1/1-6"
Sep 08 20:33:10 archlinux systemd[1]: Finished Create Static Device Nodes in /dev.
Sep 08 20:33:14 archlinux mtp-probe[258]: checking bus 1, device 3: "/sys/devices/pci0000:00/0000:00:14.0/usb1/1-5"
Sep 08 20:33:10 archlinux systemd[1]: Starting Rule-based Manager for Device Events and Files...
Sep 08 20:33:14 archlinux mtp-probe[258]: bus: 1, device: 3 was not an MTP device
Sep 08 20:33:12 archlinux systemd[1]: Started Rule-based Manager for Device Events and Files.
Sep 08 20:33:14 archlinux mtp-probe[260]: bus: 1, device: 4 was not an MTP device
Sep 08 20:33:12 archlinux systemd[1]: Started LVM2 metadata daemon.
Sep 08 20:33:14 archlinux systemd-udevd[243]: ethtool: autonegotiation is unset or enabled, the speed and duplex are not writable.
Sep 08 20:33:14 archlinux systemd-udevd[242]: Using default interface naming scheme 'v245'.
Sep 08 20:33:14 archlinux systemd-udevd[242]: ethtool: autonegotiation is unset or enabled, the speed and duplex are not writable.
Sep 08 20:33:21 archlinux systemd-fsck[351]: /dev/sda7: clean, 234806/16015360 files, 2999900/64044465 blocks
Sep 08 20:33:14 archlinux systemd-udevd[250]: Using default interface naming scheme 'v245'.
Sep 08 20:33:21 archlinux systemd-fsck[349]: fsck.fat 4.1 (2017-01-24)
Sep 08 20:33:21 archlinux systemd-fsck[349]: /dev/sda1: 556 files, 88394/98304 clusters
Sep 08 20:33:15 archlinux systemd[1]: Found device ST1000LM035-1RK172 EFI\x20system\x20partition.
Sep 08 20:33:15 archlinux systemd[1]: Listening on Load/Save RF Kill Switch Status /dev/rfkill Watch.
Sep 08 20:33:15 archlinux systemd[1]: Condition check resulted in FUSE Control File System being skipped.
Sep 08 20:33:15 archlinux systemd[1]: Condition check resulted in Set Up Additional Binary Formats being skipped.
Sep 08 20:33:15 archlinux systemd[1]: Condition check resulted in First Boot Wizard being skipped.
Sep 08 20:33:15 archlinux systemd[1]: Condition check resulted in File System Check on Root Device being skipped.
Sep 08 20:33:15 archlinux systemd[1]: Condition check resulted in Rebuild Hardware Database being skipped.
Sep 08 20:33:15 archlinux systemd[1]: Condition check resulted in Repartition Root Disk being skipped.
Sep 08 20:33:15 archlinux systemd[1]: Starting Load/Save RF Kill Switch Status...
Sep 08 20:33:15 archlinux systemd[1]: Found device ST1000LM035-1RK172 6.
Sep 08 20:33:15 archlinux systemd[1]: Activating swap /dev/disk/by-uuid/7dfe5c84-b259-4c4d-8de9-d33366d74b38...
